Component: ARM Compiler 5.06 update 6 (build 750) Tool: armlink [4d35ed]

==============================================================================

Section Cross References

    lab4.o(i.Task0) refers to os.o(i.OS_Wait) for OS_Wait
    lab4.o(i.Task0) refers to texas.o(i.TExaS_Task0) for TExaS_Task0
    lab4.o(i.Task0) refers to bsp.o(i.BSP_Microphone_Input) for BSP_Microphone_Input
    lab4.o(i.Task0) refers to os.o(i.OS_Signal) for OS_Signal
    lab4.o(i.Task0) refers to lab4.o(.data) for SoundRMS
    lab4.o(i.Task0) refers to lab4.o(.bss) for SoundArray
    lab4.o(i.Task1) refers to bsp.o(i.BSP_Accelerometer_Input) for BSP_Accelerometer_Input
    lab4.o(i.Task1) refers to lab4.o(i.sqrt32) for sqrt32
    lab4.o(i.Task1) refers to os.o(i.OS_Wait) for OS_Wait
    lab4.o(i.Task1) refers to texas.o(i.TExaS_Task1) for TExaS_Task1
    lab4.o(i.Task1) refers to os.o(i.OS_Signal) for OS_Signal
    lab4.o(i.Task1) refers to os.o(i.OS_FIFO_Put) for OS_FIFO_Put
    lab4.o(i.Task1) refers to lab4.o(.data) for AccZ
    lab4.o(i.Task2) refers to lab4.o(i.drawaxes) for drawaxes
    lab4.o(i.Task2) refers to os.o(i.OS_FIFO_Get) for OS_FIFO_Get
    lab4.o(i.Task2) refers to texas.o(i.TExaS_Task2) for TExaS_Task2
    lab4.o(i.Task2) refers to lab4.o(i.sqrt32) for sqrt32
    lab4.o(i.Task2) refers to os.o(i.OS_Wait) for OS_Wait
    lab4.o(i.Task2) refers to bsp.o(i.BSP_LCD_PlotPoint) for BSP_LCD_PlotPoint
    lab4.o(i.Task2) refers to bsp.o(i.BSP_LCD_PlotIncrement) for BSP_LCD_PlotIncrement
    lab4.o(i.Task2) refers to os.o(i.OS_Signal) for OS_Signal
    lab4.o(i.Task2) refers to lab4.o(.data) for Magnitude
    lab4.o(i.Task3) refers to os.o(i.OS_InitSemaphore) for OS_InitSemaphore
    lab4.o(i.Task3) refers to os.o(i.OS_EdgeTrigger_Init) for OS_EdgeTrigger_Init
    lab4.o(i.Task3) refers to os.o(i.OS_Wait) for OS_Wait
    lab4.o(i.Task3) refers to texas.o(i.TExaS_Task3) for TExaS_Task3
    lab4.o(i.Task3) refers to os.o(i.OS_Sleep) for OS_Sleep
    lab4.o(i.Task3) refers to bsp.o(i.BSP_Button1_Input) for BSP_Button1_Input
    lab4.o(i.Task3) refers to bsp.o(i.BSP_Buzzer_Set) for BSP_Buzzer_Set
    lab4.o(i.Task3) refers to os.o(i.OS_EdgeTrigger_Restart) for OS_EdgeTrigger_Restart
    lab4.o(i.Task3) refers to lab4.o(.data) for SwitchTouch
    lab4.o(i.Task4) refers to texas.o(i.TExaS_Task4) for TExaS_Task4
    lab4.o(i.Task4) refers to os.o(i.OS_Wait) for OS_Wait
    lab4.o(i.Task4) refers to bsp.o(i.BSP_TempSensor_Start) for BSP_TempSensor_Start
    lab4.o(i.Task4) refers to os.o(i.OS_Signal) for OS_Signal
    lab4.o(i.Task4) refers to os.o(i.OS_Sleep) for OS_Sleep
    lab4.o(i.Task4) refers to bsp.o(i.BSP_TempSensor_End) for BSP_TempSensor_End
    lab4.o(i.Task4) refers to lab4.o(.data) for I2Cmutex
    lab4.o(i.Task5) refers to os.o(i.OS_Wait) for OS_Wait
    lab4.o(i.Task5) refers to bsp.o(i.BSP_LCD_DrawString) for BSP_LCD_DrawString
    lab4.o(i.Task5) refers to os.o(i.OS_Signal) for OS_Signal
    lab4.o(i.Task5) refers to texas.o(i.TExaS_Task5) for TExaS_Task5
    lab4.o(i.Task5) refers to lab4.o(i.sqrt32) for sqrt32
    lab4.o(i.Task5) refers to bsp.o(i.BSP_LCD_SetCursor) for BSP_LCD_SetCursor
    lab4.o(i.Task5) refers to bsp.o(i.BSP_LCD_OutUFix2_1) for BSP_LCD_OutUFix2_1
    lab4.o(i.Task5) refers to bsp.o(i.BSP_LCD_OutUDec4) for BSP_LCD_OutUDec4
    lab4.o(i.Task5) refers to bsp.o(i.BSP_LCD_Color565) for BSP_LCD_Color565
    lab4.o(i.Task5) refers to lab4.o(.data) for LCDmutex
    lab4.o(i.Task5) refers to lab4.o(.bss) for SoundArray
    lab4.o(i.Task6) refers to texas.o(i.TExaS_Task6) for TExaS_Task6
    lab4.o(i.Task6) refers to os.o(i.OS_Wait) for OS_Wait
    lab4.o(i.Task6) refers to bsp.o(i.BSP_LightSensor_Start) for BSP_LightSensor_Start
    lab4.o(i.Task6) refers to os.o(i.OS_Signal) for OS_Signal
    lab4.o(i.Task6) refers to os.o(i.OS_Sleep) for OS_Sleep
    lab4.o(i.Task6) refers to bsp.o(i.BSP_LightSensor_End) for BSP_LightSensor_End
    lab4.o(i.Task6) refers to lab4.o(.data) for I2Cmutex
    lab4.o(i.Task7) refers to startup_tm4c123.o(.text) for WaitForInterrupt
    lab4.o(i.Task7) refers to lab4.o(.data) for Count7
    lab4.o(i.TaskA) refers to texas.o(i.TExaS_Task0) for TExaS_Task0
    lab4.o(i.TaskA) refers to os.o(i.OS_Signal) for OS_Signal
    lab4.o(i.TaskA) refers to os.o(i.OS_Sleep) for OS_Sleep
    lab4.o(i.TaskA) refers to lab4.o(.data) for CountA
    lab4.o(i.TaskB) refers to os.o(i.OS_Wait) for OS_Wait
    lab4.o(i.TaskB) refers to texas.o(i.TExaS_Task1) for TExaS_Task1
    lab4.o(i.TaskB) refers to lab4.o(.data) for CountB
    lab4.o(i.TaskC) refers to texas.o(i.TExaS_Task2) for TExaS_Task2
    lab4.o(i.TaskC) refers to os.o(i.OS_Signal) for OS_Signal
    lab4.o(i.TaskC) refers to os.o(i.OS_Sleep) for OS_Sleep
    lab4.o(i.TaskC) refers to lab4.o(.data) for CountC
    lab4.o(i.TaskD) refers to os.o(i.OS_Wait) for OS_Wait
    lab4.o(i.TaskD) refers to texas.o(i.TExaS_Task3) for TExaS_Task3
    lab4.o(i.TaskD) refers to lab4.o(.data) for CountD
[...]
    ../clib/armsys.c                         0x00000000   Number         0  _get_argv_nomalloc.o ABSOLUTE
    ../clib/armsys.c                         0x00000000   Number         0  argv_veneer.o ABSOLUTE
    ../clib/armsys.c                         0x00000000   Number         0  argv_veneer.o ABSOLUTE
    ../clib/armsys.c                         0x00000000   Number         0  no_argv.o ABSOLUTE
    ../clib/heapalloc.c                      0x00000000   Number         0  hrguard.o ABSOLUTE
    ../clib/heapaux.c                        0x00000000   Number         0  heapauxi.o ABSOLUTE
    ../clib/libinit.s                        0x00000000   Number         0  libinit.o ABSOLUTE
    ../clib/libinit.s                        0x00000000   Number         0  libinit2.o ABSOLUTE
    ../clib/libinit.s                        0x00000000   Number         0  libshutdown.o ABSOLUTE
    ../clib/libinit.s                        0x00000000   Number         0  libshutdown2.o ABSOLUTE
    ../clib/signal.c                         0x00000000   Number         0  defsig_general.o ABSOLUTE
    ../clib/signal.c                         0x00000000   Number         0  __raise.o ABSOLUTE
    ../clib/signal.c                         0x00000000   Number         0  defsig_rtmem_inner.o ABSOLUTE
    ../clib/signal.c                         0x00000000   Number         0  defsig_rtmem_outer.o ABSOLUTE
    ../clib/signal.c                         0x00000000   Number         0  defsig_abrt_inner.o ABSOLUTE
    ../clib/signal.c                         0x00000000   Number         0  defsig_rtmem_formal.o ABSOLUTE
    ../clib/signal.c                         0x00000000   Number         0  defsig_exit.o ABSOLUTE
    ../clib/signal.c                         0x00000000   Number         0  defsig_other.o ABSOLUTE
    ../clib/signal.c                         0x00000000   Number         0  defsig_segv_inner.o ABSOLUTE
    ../clib/signal.c                         0x00000000   Number         0  defsig_cppl_inner.o ABSOLUTE
    ../clib/signal.c                         0x00000000   Number         0  defsig_pvfn_inner.o ABSOLUTE
    ../clib/signal.c                         0x00000000   Number         0  defsig_stak_inner.o ABSOLUTE
    ../clib/signal.c                         0x00000000   Number         0  defsig_rtred_inner.o ABSOLUTE
    ../clib/signal.c                         0x00000000   Number         0  defsig_fpe_inner.o ABSOLUTE
    ../clib/signal.s                         0x00000000   Number         0  defsig.o ABSOLUTE
    ../clib/stdlib.c                         0x00000000   Number         0  exit.o ABSOLUTE
    ../fplib/fpinit.s                        0x00000000   Number         0  fpinit.o ABSOLUTE
    ..\\inc\\BSP.c                           0x00000000   Number         0  bsp.o ABSOLUTE
    ..\inc\BSP.c                             0x00000000   Number         0  bsp.o ABSOLUTE
    ..\inc\Profile.c                         0x00000000   Number         0  profile.o ABSOLUTE
    Lab4.c                                   0x00000000   Number         0  lab4.o ABSOLUTE
    RTE\Device\TM4C123GH6PM\startup_TM4C123.s 0x00000000   Number         0  startup_tm4c123.o ABSOLUTE
    RTE\Device\TM4C123GH6PM\system_TM4C123.c 0x00000000   Number         0  system_tm4c123.o ABSOLUTE
    RTE\\Device\\TM4C123GH6PM\\system_TM4C123.c 0x00000000   Number         0  system_tm4c123.o ABSOLUTE
    Texas.c                                  0x00000000   Number         0  texas.o ABSOLUTE
    dc.s                                     0x00000000   Number         0  dc.o ABSOLUTE
    os.c                                     0x00000000   Number         0  os.o ABSOLUTE
    osasm.s                                  0x00000000   Number         0  osasm.o ABSOLUTE
    !!!main                                  0x0000026c   Section        8  __main.o(!!!main)
    !!!scatter                               0x00000274   Section       52  __scatter.o(!!!scatter)
    !!dczerorl                               0x000002a8   Section       58  __dczerorl.o(!!dczerorl)
    !!handler_zi                             0x000002e4   Section       28  __scatter_zi.o(!!handler_zi)
    .ARM.Collect$$libinit$$00000000          0x00000300   Section        2  libinit.o(.ARM.Collect$$libinit$$00000000)
    .ARM.Collect$$libinit$$00000002          0x00000302   Section        0  libinit2.o(.ARM.Collect$$libinit$$00000002)
    .ARM.Collect$$libinit$$00000004          0x00000302   Section        0  libinit2.o(.ARM.Collect$$libinit$$00000004)
    .ARM.Collect$$libinit$$0000000A          0x00000302   Section        0  libinit2.o(.ARM.Collect$$libinit$$0000000A)
    .ARM.Collect$$libinit$$0000000C          0x00000302   Section        0  libinit2.o(.ARM.Collect$$libinit$$0000000C)
    .ARM.Collect$$libinit$$0000000E          0x00000302   Section        0  libinit2.o(.ARM.Collect$$libinit$$0000000E)
    .ARM.Collect$$libinit$$00000011          0x00000302   Section        0  libinit2.o(.ARM.Collect$$libinit$$00000011)
    .ARM.Collect$$libinit$$00000013          0x00000302   Section        0  libinit2.o(.ARM.Collect$$libinit$$00000013)
    .ARM.Collect$$libinit$$00000015          0x00000302   Section        0  libinit2.o(.ARM.Collect$$libinit$$00000015)
    .ARM.Collect$$libinit$$00000017          0x00000302   Section        0  libinit2.o(.ARM.Collect$$libinit$$00000017)
    .ARM.Collect$$libinit$$00000019          0x00000302   Section        0  libinit2.o(.ARM.Collect$$libinit$$00000019)
    .ARM.Collect$$libinit$$0000001B          0x00000302   Section        0  libinit2.o(.ARM.Collect$$libinit$$0000001B)
    .ARM.Collect$$libinit$$0000001D          0x00000302   Section        0  libinit2.o(.ARM.Collect$$libinit$$0000001D)
    .ARM.Collect$$libinit$$0000001F          0x00000302   Section        0  libinit2.o(.ARM.Collect$$libinit$$0000001F)
    .ARM.Collect$$libinit$$00000021          0x00000302   Section        0  libinit2.o(.ARM.Collect$$libinit$$00000021)
    .ARM.Collect$$libinit$$00000023          0x00000302   Section        0  libinit2.o(.ARM.Collect$$libinit$$00000023)
    .ARM.Collect$$libinit$$00000025          0x00000302   Section        0  libinit2.o(.ARM.Collect$$libinit$$00000025)
    .ARM.Collect$$libinit$$0000002C          0x00000302   Section        0  libinit2.o(.ARM.Collect$$libinit$$0000002C)
    .ARM.Collect$$libinit$$0000002E          0x00000302   Section        0  libinit2.o(.ARM.Collect$$libinit$$0000002E)
    .ARM.Collect$$libinit$$00000030          0x00000302   Section        0  libinit2.o(.ARM.Collect$$libinit$$00000030)
    .ARM.Collect$$libinit$$00000032          0x00000302   Section        0  libinit2.o(.ARM.Collect$$libinit$$00000032)
    .ARM.Collect$$libinit$$00000033          0x00000302   Section        2  libinit2.o(.ARM.Collect$$libinit$$00000033)
    .ARM.Collect$$libshutdown$$00000000      0x00000304   Section        2  libshutdown.o(.ARM.Collect$$libshutdown$$00000000)
    .ARM.Collect$$libshutdown$$00000002      0x00000306   Section        0  libshutdown2.o(.ARM.Collect$$libshutdown$$00000002)
    .ARM.Collect$$libshutdown$$00000004      0x00000306   Section        0  libshutdown2.o(.ARM.Collect$$libshutdown$$00000004)
    .ARM.Collect$$libshutdown$$00000007      0x00000306   Section        0  libshutdown2.o(.ARM.Collect$$libshutdown$$00000007)
    .ARM.Collect$$libshutdown$$0000000A      0x00000306   Section        0  libshutdown2.o(.ARM.Collect$$libshutdown$$0000000A)
    .ARM.Collect$$libshutdown$$0000000C      0x00000306   Section        0  libshutdown2.o(.ARM.Collect$$libshutdown$$0000000C)
    .ARM.Collect$$libshutdown$$0000000F      0x00000306   Section        0  libshutdown2.o(.ARM.Collect$$libshutdown$$0000000F)
    .ARM.Collect$$libshutdown$$00000010      0x00000306   Section        2  libshutdown2.o(.ARM.Collect$$libshutdown$$00000010)
    .ARM.Collect$$rtentry$$00000000          0x00000308   Section        0  __rtentry.o(.ARM.Collect$$rtentry$$00000000)
    .ARM.Collect$$rtentry$$00000002          0x00000308   Section        0  __rtentry2.o(.ARM.Collect$$rtentry$$00000002)
    .ARM.Collect$$rtentry$$00000004          0x00000308   Section        6  __rtentry4.o(.ARM.Collect$$rtentry$$00000004)
    .ARM.Collect$$rtentry$$00000009          0x0000030e   Section        0  __rtentry2.o(.ARM.Collect$$rtentry$$00000009)
    .ARM.Collect$$rtentry$$0000000A          0x0000030e   Section        4  __rtentry2.o(.ARM.Collect$$rtentry$$0000000A)
    .ARM.Collect$$rtentry$$0000000C          0x00000312   Section        0  __rtentry2.o(.ARM.Collect$$rtentry$$0000000C)
    .ARM.Collect$$rtentry$$0000000D          0x00000312   Section        8  __rtentry2.o(.ARM.Collect$$rtentry$$0000000D)
    .ARM.Collect$$rtexit$$00000000           0x0000031a   Section        2  rtexit.o(.ARM.Collect$$rtexit$$00000000)
    .ARM.Collect$$rtexit$$00000002           0x0000031c   Section        0  rtexit2.o(.ARM.Collect$$rtexit$$00000002)
    .ARM.Collect$$rtexit$$00000003           0x0000031c   Section        4  rtexit2.o(.ARM.Collect$$rtexit$$00000003)
    .ARM.Collect$$rtexit$$00000004           0x00000320   Section        6  rtexit2.o(.ARM.Collect$$rtexit$$00000004)
    .emb_text                                0x00000328   Section        6  bsp.o(.emb_text)
    .text                                    0x00000330   Section       72  osasm.o(.text)
    .text                                    0x00000378   Section      292  startup_tm4c123.o(.text)
    .text                                    0x0000049c   Section        0  heapauxi.o(.text)
    .text                                    0x000004a2   Section       74  sys_stackheap_outer.o(.text)
    .text                                    0x000004ec   Section        0  exit.o(.text)
    .text                                    0x00000500   Section        8  libspace.o(.text)
    .text                                    0x00000508   Section        0  sys_exit.o(.text)
    .text                                    0x00000514   Section        2  use_no_semi.o(.text)
    .text                                    0x00000516   Section        0  indicate_semi.o(.text)
    i.BSP_Accelerometer_Init                 0x00000518   Section        0  bsp.o(i.BSP_Accelerometer_Init)
    i.BSP_Accelerometer_Input                0x000005c8   Section        0  bsp.o(i.BSP_Accelerometer_Input)
    i.BSP_Button1_Init                       0x00000610   Section        0  bsp.o(i.BSP_Button1_Init)
    i.BSP_Button1_Input                      0x00000690   Section        0  bsp.o(i.BSP_Button1_Input)
    i.BSP_Button2_Init                       0x0000069c   Section        0  bsp.o(i.BSP_Button2_Init)
    i.BSP_Buzzer_Init                        0x0000072c   Section        0  bsp.o(i.BSP_Buzzer_Init)
    i.BSP_Buzzer_Set                         0x00000800   Section        0  bsp.o(i.BSP_Buzzer_Set)
    i.BSP_Clock_GetFreq                      0x00000820   Section        0  bsp.o(i.BSP_Clock_GetFreq)
    i.BSP_Clock_InitFastest                  0x0000082c   Section        0  bsp.o(i.BSP_Clock_InitFastest)
    i.BSP_Delay1ms                           0x000008b8   Section        0  bsp.o(i.BSP_Delay1ms)
    i.BSP_LCD_Color565                       0x000008ce   Section        0  bsp.o(i.BSP_LCD_Color565)
    i.BSP_LCD_DrawChar                       0x000008e8   Section        0  bsp.o(i.BSP_LCD_DrawChar)
    i.BSP_LCD_DrawFastHLine                  0x000009f8   Section        0  bsp.o(i.BSP_LCD_DrawFastHLine)
    i.BSP_LCD_DrawFastVLine                  0x00000a74   Section        0  bsp.o(i.BSP_LCD_DrawFastVLine)
    i.BSP_LCD_DrawPixel                      0x00000af0   Section        0  bsp.o(i.BSP_LCD_DrawPixel)
    i.BSP_LCD_DrawString                     0x00000b38   Section        0  bsp.o(i.BSP_LCD_DrawString)
    i.BSP_LCD_Drawaxes                       0x00000b90   Section        0  bsp.o(i.BSP_LCD_Drawaxes)
    i.BSP_LCD_FillRect                       0x00000cb4   Section        0  bsp.o(i.BSP_LCD_FillRect)
    i.BSP_LCD_FillScreen                     0x00000d60   Section        0  bsp.o(i.BSP_LCD_FillScreen)
    i.BSP_LCD_Init                           0x00000d84   Section        0  bsp.o(i.BSP_LCD_Init)
    i.BSP_LCD_OutUDec4                       0x00000d90   Section        0  bsp.o(i.BSP_LCD_OutUDec4)
    i.BSP_LCD_OutUFix2_1                     0x00000e18   Section        0  bsp.o(i.BSP_LCD_OutUFix2_1)
    i.BSP_LCD_PlotIncrement                  0x00000e88   Section        0  bsp.o(i.BSP_LCD_PlotIncrement)
    i.BSP_LCD_PlotPoint                      0x00000ec0   Section        0  bsp.o(i.BSP_LCD_PlotPoint)
    i.BSP_LCD_SetCursor                      0x00000f24   Section        0  bsp.o(i.BSP_LCD_SetCursor)
    i.BSP_LightSensor_End                    0x00000f44   Section        0  bsp.o(i.BSP_LightSensor_End)
    i.BSP_LightSensor_Init                   0x00000f88   Section        0  bsp.o(i.BSP_LightSensor_Init)
    i.BSP_LightSensor_Start                  0x00000fdc   Section        0  bsp.o(i.BSP_LightSensor_Start)
    i.BSP_Microphone_Init                    0x00000ff8   Section        0  bsp.o(i.BSP_Microphone_Init)
    i.BSP_Microphone_Input                   0x000010a4   Section        0  bsp.o(i.BSP_Microphone_Input)
    i.BSP_PeriodicTask_Init                  0x000010d0   Section        0  bsp.o(i.BSP_PeriodicTask_Init)
    i.BSP_PeriodicTask_InitC                 0x00001190   Section        0  bsp.o(i.BSP_PeriodicTask_InitC)
    i.BSP_RGB_Init                           0x0000124c   Section        0  bsp.o(i.BSP_RGB_Init)
    i.BSP_TempSensor_End                     0x0000148c   Section        0  bsp.o(i.BSP_TempSensor_End)
    i.BSP_TempSensor_Init                    0x000014d8   Section        0  bsp.o(i.BSP_TempSensor_Init)
    i.BSP_TempSensor_Start                   0x0000152c   Section        0  bsp.o(i.BSP_TempSensor_Start)
    i.BSP_Time_Get                           0x00001548   Section        0  bsp.o(i.BSP_Time_Get)
    i.BSP_Time_Init                          0x00001558   Section        0  bsp.o(i.BSP_Time_Init)
    i.Encrypt                                0x000015c4   Section        0  texas.o(i.Encrypt)
    Encrypt                                  0x000015c5   Thumb Code    86  texas.o(i.Encrypt)
    i.GPIOPortD_Handler                      0x0000162c   Section        0  os.o(i.GPIOPortD_Handler)
    i.Grader                                 0x00001668   Section        0  texas.o(i.Grader)
    i.I2C_Recv2                              0x00001b14   Section        0  bsp.o(i.I2C_Recv2)
    I2C_Recv2                                0x00001b15   Thumb Code   116  bsp.o(i.I2C_Recv2)
    i.I2C_Send1                              0x00001b8c   Section        0  bsp.o(i.I2C_Send1)
    I2C_Send1                                0x00001b8d   Thumb Code    68  bsp.o(i.I2C_Send1)
    i.I2C_Send3                              0x00001bd4   Section        0  bsp.o(i.I2C_Send3)
    I2C_Send3                                0x00001bd5   Thumb Code   170  bsp.o(i.I2C_Send3)
    i.LogicAnalyzer                          0x00001c84   Section        0  texas.o(i.LogicAnalyzer)
    i.NonrealTimeResults                     0x00001c98   Section        0  texas.o(i.NonrealTimeResults)
    i.OS_AddThreads                          0x00001d38   Section        0  os.o(i.OS_AddThreads)
    i.OS_EdgeTrigger_Init                    0x00001e74   Section        0  os.o(i.OS_EdgeTrigger_Init)
    i.OS_EdgeTrigger_Restart                 0x00001f58   Section        0  os.o(i.OS_EdgeTrigger_Restart)
    i.OS_FIFO_Get                            0x00001f74   Section        0  os.o(i.OS_FIFO_Get)
    i.OS_FIFO_Init                           0x00001fac   Section        0  os.o(i.OS_FIFO_Init)
    i.OS_FIFO_Put                            0x00001fe0   Section        0  os.o(i.OS_FIFO_Put)
    i.OS_Init                                0x00002038   Section        0  os.o(i.OS_Init)
    i.OS_InitSemaphore                       0x00002044   Section        0  os.o(i.OS_InitSemaphore)
    i.OS_Launch                              0x00002048   Section        0  os.o(i.OS_Launch)
    i.OS_PeriodTrigger0_Init                 0x0000208c   Section        0  os.o(i.OS_PeriodTrigger0_Init)
    i.OS_PeriodTrigger1_Init                 0x000020b4   Section        0  os.o(i.OS_PeriodTrigger1_Init)
    i.OS_Signal                              0x000020dc   Section        0  os.o(i.OS_Signal)
    i.OS_Sleep                               0x00002110   Section        0  os.o(i.OS_Sleep)
    i.OS_Suspend                             0x00002124   Section        0  os.o(i.OS_Suspend)
    i.OS_Wait                                0x0000213c   Section        0  os.o(i.OS_Wait)
    i.PeriodicTask2_Init                     0x00002168   Section        0  texas.o(i.PeriodicTask2_Init)
    i.PeriodicTask2_Stop                     0x00002224   Section        0  texas.o(i.PeriodicTask2_Stop)
    i.Profile_Init                           0x0000223c   Section        0  profile.o(i.Profile_Init)
    i.RealTimeEvents                         0x00002410   Section        0  os.o(i.RealTimeEvents)
    i.RealTimeResults                        0x0000247c   Section        0  texas.o(i.RealTimeResults)
    i.RealTimeResultsNoJitter                0x00002534   Section        0  texas.o(i.RealTimeResultsNoJitter)
    i.ST7735_InitR                           0x000025e8   Section        0  bsp.o(i.ST7735_InitR)
    ST7735_InitR                             0x000025e9   Thumb Code    86  bsp.o(i.ST7735_InitR)
    i.Scheduler                              0x0000265c   Section        0  os.o(i.Scheduler)
    i.SetGrade                               0x0000268c   Section        0  texas.o(i.SetGrade)
    SetGrade                                 0x0000268d   Thumb Code   196  texas.o(i.SetGrade)
    i.SetInitialStack                        0x00002758   Section        0  os.o(i.SetInitialStack)
    i.Step1Test                              0x000028a8   Section        0  texas.o(i.Step1Test)
    i.Step2Test                              0x00002c44   Section        0  texas.o(i.Step2Test)
    i.Step3Test                              0x00002fe0   Section        0  texas.o(i.Step3Test)
    i.TExaS_Init                             0x00003310   Section        0  texas.o(i.TExaS_Init)
    i.TExaS_Stop                             0x000034c8   Section        0  texas.o(i.TExaS_Stop)
    i.TExaS_Task0                            0x000034d0   Section        0  texas.o(i.TExaS_Task0)
    i.TExaS_Task1                            0x00003510   Section        0  texas.o(i.TExaS_Task1)
    i.TExaS_Task2                            0x00003550   Section        0  texas.o(i.TExaS_Task2)
    i.TExaS_Task3                            0x00003590   Section        0  texas.o(i.TExaS_Task3)
    i.TExaS_Task4                            0x000035d0   Section        0  texas.o(i.TExaS_Task4)
    i.TExaS_Task5                            0x00003610   Section        0  texas.o(i.TExaS_Task5)
    i.TExaS_Task6                            0x00003650   Section        0  texas.o(i.TExaS_Task6)
    i.TIMER5A_Handler                        0x00003690   Section        0  texas.o(i.TIMER5A_Handler)
    i.Task0                                  0x000036a8   Section        0  lab4.o(i.Task0)
    i.Task1                                  0x00003758   Section        0  lab4.o(i.Task1)
    i.Task2                                  0x00003834   Section        0  lab4.o(i.Task2)
    i.Task3                                  0x000039f8   Section        0  lab4.o(i.Task3)
    i.Task4                                  0x00003a9c   Section        0  lab4.o(i.Task4)
    i.Task5                                  0x00003b04   Section        0  lab4.o(i.Task5)
    i.Task6                                  0x00003c90   Section        0  lab4.o(i.Task6)
    i.Task7                                  0x00003cf8   Section        0  lab4.o(i.Task7)
    i.UART_Init                              0x00003d14   Section        0  texas.o(i.UART_Init)
    i.UART_OutChar                           0x00003db8   Section        0  texas.o(i.UART_OutChar)
    i.UART_OutString                         0x00003dd0   Section        0  texas.o(i.UART_OutString)
    i.UART_OutUDec                           0x00003de8   Section        0  texas.o(i.UART_OutUDec)
    i.UART_OutUDec7                          0x00003e14   Section        0  texas.o(i.UART_OutUDec7)
    i.UART_OutUFix1                          0x00003e58   Section        0  texas.o(i.UART_OutUFix1)
    i.WideTimer3A_Handler                    0x00003e88   Section        0  bsp.o(i.WideTimer3A_Handler)
    i.WideTimer4A_Handler                    0x00003ea0   Section        0  bsp.o(i.WideTimer4A_Handler)
    i.WideTimer5A_Handler                    0x00003eb8   Section        0  bsp.o(i.WideTimer5A_Handler)
    i.adcinit                                0x00003ed0   Section        0  bsp.o(i.adcinit)
    adcinit                                  0x00003ed1   Thumb Code    58  bsp.o(i.adcinit)
    i.commandList                            0x00003f1c   Section        0  bsp.o(i.commandList)
    commandList                              0x00003f1d   Thumb Code    86  bsp.o(i.commandList)
    i.commonInit                             0x00003f74   Section        0  bsp.o(i.commonInit)
    commonInit                               0x00003f75   Thumb Code   452  bsp.o(i.commonInit)
    i.drawaxes                               0x00004178   Section        0  lab4.o(i.drawaxes)
    i.fillmessage                            0x0000428c   Section        0  bsp.o(i.fillmessage)
    fillmessage                              0x0000428d   Thumb Code    64  bsp.o(i.fillmessage)
    i.fillmessage2_1                         0x000042d4   Section        0  bsp.o(i.fillmessage2_1)
    fillmessage2_1                           0x000042d5   Thumb Code    90  bsp.o(i.fillmessage2_1)
    i.fillmessage4                           0x00004334   Section        0  bsp.o(i.fillmessage4)
    fillmessage4                             0x00004335   Thumb Code    90  bsp.o(i.fillmessage4)
    i.fillmessage7b                          0x00004398   Section        0  texas.o(i.fillmessage7b)
    fillmessage7b                            0x00004399   Thumb Code   174  texas.o(i.fillmessage7b)
    i.fillmessageb                           0x0000445c   Section        0  texas.o(i.fillmessageb)
    fillmessageb                             0x0000445d   Thumb Code    64  texas.o(i.fillmessageb)
    i.i2cinit                                0x000044a4   Section        0  bsp.o(i.i2cinit)
    i2cinit                                  0x000044a5   Thumb Code   126  bsp.o(i.i2cinit)
    i.lightsensorend                         0x00004538   Section        0  bsp.o(i.lightsensorend)
    lightsensorend                           0x00004539   Thumb Code    80  bsp.o(i.lightsensorend)
    i.lightsensorstart                       0x00004588   Section        0  bsp.o(i.lightsensorstart)
    lightsensorstart                         0x00004589   Thumb Code    36  bsp.o(i.lightsensorstart)
    i.main                                   0x000045ac   Section        0  lab4.o(i.main)
    i.pushColor                              0x000046d4   Section        0  bsp.o(i.pushColor)
    pushColor                                0x000046d5   Thumb Code    18  bsp.o(i.pushColor)
    i.runperiodicevents                      0x000046e8   Section        0  os.o(i.runperiodicevents)
    runperiodicevents                        0x000046e9   Thumb Code    50  os.o(i.runperiodicevents)
    i.setAddrWindow                          0x00004720   Section        0  bsp.o(i.setAddrWindow)
    setAddrWindow                            0x00004721   Thumb Code   106  bsp.o(i.setAddrWindow)
    i.sqrt32                                 0x00004794   Section        0  lab4.o(i.sqrt32)
    i.tempsensorend                          0x000047b2   Section        0  bsp.o(i.tempsensorend)
    tempsensorend                            0x000047b3   Thumb Code    68  bsp.o(i.tempsensorend)
    i.tempsensorstart                        0x000047f6   Section        0  bsp.o(i.tempsensorstart)
    tempsensorstart                          0x000047f7   Thumb Code    18  bsp.o(i.tempsensorstart)
    i.writecommand                           0x00004808   Section        0  bsp.o(i.writecommand)
    writecommand                             0x00004809   Thumb Code    62  bsp.o(i.writecommand)
    i.writedata                              0x00004850   Section        0  bsp.o(i.writedata)
    writedata                                0x00004851   Thumb Code    64  bsp.o(i.writedata)
    .constdata                               0x00004898   Section     1403  bsp.o(.constdata)
    Font                                     0x00004898   Data        1275  bsp.o(.constdata)
    Rcmd1                                    0x00004d93   Data          59  bsp.o(.constdata)
    Rcmd2green                               0x00004dce   Data          13  bsp.o(.constdata)
    Rcmd2red                                 0x00004ddb   Data          13  bsp.o(.constdata)
    Rcmd3                                    0x00004de8   Data          43  bsp.o(.constdata)
    .constdata                               0x00004e14   Section       72  texas.o(.constdata)
    .data                                    0x20000000   Section      208  lab4.o(.data)
    soundSum                                 0x200000c8   Data           4  lab4.o(.data)
    time                                     0x200000cc   Data           4  lab4.o(.data)
    .data                                    0x200000d0   Section       68  bsp.o(.data)
    ClockFrequency                           0x200000d0   Data           4  bsp.o(.data)
    PWMCycles                                0x200000d4   Data           2  bsp.o(.data)
    ColStart                                 0x200000e2   Data           1  bsp.o(.data)
    RowStart                                 0x200000e3   Data           1  bsp.o(.data)
    _width                                   0x200000e4   Data           2  bsp.o(.data)
    _height                                  0x200000e6   Data           2  bsp.o(.data)
    .data                                    0x20000114   Section       44  os.o(.data)
    realCount                                0x2000013c   Data           4  os.o(.data)
    .data                                    0x20000140   Section       68  texas.o(.data)
    count                                    0x20000174   Data           4  texas.o(.data)
    count                                    0x20000178   Data           4  texas.o(.data)
    count                                    0x2000017c   Data           4  texas.o(.data)
    count                                    0x20000180   Data           4  texas.o(.data)
    .bss                                     0x20000184   Section     2000  lab4.o(.bss)
    .bss                                     0x20000954   Section       12  bsp.o(.bss)
    .bss                                     0x20000960   Section     3400  os.o(.bss)
    .bss                                     0x200016a8   Section     1740  texas.o(.bss)
    .bss                                     0x20001d74   Section       96  libspace.o(.bss)
    HEAP                                     0x20001dd8   Section        0  startup_tm4c123.o(HEAP)
    STACK                                    0x20001dd8   Section      512  startup_tm4c123.o(STACK)
    Heap_Mem                                 0x20001dd8   Data           0  startup_tm4c123.o(HEAP)
    Stack_Mem                                0x20001dd8   Data         512  startup_tm4c123.o(STACK)
    __initial_sp                             0x20001fd8   Data           0  startup_tm4c123.o(STACK)

    Global Symbols

    Symbol Name                              Value     Ov Type        Size  Object(Section)

    BuildAttributes$$THM_ISAv4$E$P$D$K$B$S$7EM$PE$A:L22UL41UL21$X:L11$S22US41US21$IEEE1$IW$USESV6$~STKCKD$USESV7$~SHL$OSPACE$ROPI$EBA8$UX$STANDARDLIB$REQ8$PRES8$EABIv2 0x00000000   Number         0  anon$$obj.o ABSOLUTE
    __ARM_use_no_argv                        0x00000000   Number         0  lab4.o ABSOLUTE
    __Vectors                                0x00000000   Data           4  startup_tm4c123.o(RESET)
    __ARM_exceptions_init                     - Undefined Weak Reference
    __alloca_initialize                       - Undefined Weak Reference
    __arm_preinit_                            - Undefined Weak Reference
    __cpp_initialize__aeabi_                  - Undefined Weak Reference
    __cxa_finalize                            - Undefined Weak Reference
    __rt_locale                               - Undefined Weak Reference
    __sigvec_lookup                           - Undefined Weak Reference
    _atexit_init                              - Undefined Weak Reference
    _call_atexit_fns                          - Undefined Weak Reference
    _clock_init                               - Undefined Weak Reference
    _fp_trap_init                             - Undefined Weak Reference
    _fp_trap_shutdown                         - Undefined Weak Reference
    _get_lc_collate                           - Undefined Weak Reference
    _get_lc_ctype                             - Undefined Weak Reference
    _get_lc_monetary                          - Undefined Weak Reference
    _get_lc_numeric                           - Undefined Weak Reference
    _get_lc_time                              - Undefined Weak Reference
    _getenv_init                              - Undefined Weak Reference
    _handle_redirection                       - Undefined Weak Reference
    _init_alloc                               - Undefined Weak Reference
    _init_user_alloc                          - Undefined Weak Reference
    _initio                                   - Undefined Weak Reference
    _rand_init                                - Undefined Weak Reference
    _signal_finish                            - Undefined Weak Reference
    _signal_init                              - Undefined Weak Reference
    _terminate_alloc                          - Undefined Weak Reference
    _terminate_user_alloc                     - Undefined Weak Reference
    _terminateio                              - Undefined Weak Reference
    __Vectors_End                            0x0000026c   Data           0  startup_tm4c123.o(RESET)
    __Vectors_Size                           0x0000026c   Number         0  startup_tm4c123.o ABSOLUTE
    __main                                   0x0000026d   Thumb Code     8  __main.o(!!!main)
    __scatterload                            0x00000275   Thumb Code     0  __scatter.o(!!!scatter)
    __scatterload_rt2                        0x00000275   Thumb Code    44  __scatter.o(!!!scatter)
    __scatterload_rt2_thumb_only             0x00000275   Thumb Code     0  __scatter.o(!!!scatter)
    __scatterload_null                       0x00000283   Thumb Code     0  __scatter.o(!!!scatter)
    __decompress                             0x000002a9   Thumb Code    58  __dczerorl.o(!!dczerorl)
    __decompress0                            0x000002a9   Thumb Code     0  __dczerorl.o(!!dczerorl)
    __scatterload_zeroinit                   0x000002e5   Thumb Code    28  __scatter_zi.o(!!handler_zi)
    __rt_lib_init                            0x00000301   Thumb Code     0  libinit.o(.ARM.Collect$$libinit$$00000000)
    __rt_lib_init_alloca_1                   0x00000303   Thumb Code     0  libinit2.o(.ARM.Collect$$libinit$$0000002E)
    __rt_lib_init_argv_1                     0x00000303   Thumb Code     0  libinit2.o(.ARM.Collect$$libinit$$0000002C)
    __rt_lib_init_atexit_1                   0x00000303   Thumb Code     0  libinit2.o(.ARM.Collect$$libinit$$0000001B)
    __rt_lib_init_clock_1                    0x00000303   Thumb Code     0  libinit2.o(.ARM.Collect$$libinit$$00000021)
    __rt_lib_init_cpp_1                      0x00000303   Thumb Code     0  libinit2.o(.ARM.Collect$$libinit$$00000032)
    __rt_lib_init_exceptions_1               0x00000303   Thumb Code     0  libinit2.o(.ARM.Collect$$libinit$$00000030)
    __rt_lib_init_fp_1                       0x00000303   Thumb Code     0  libinit2.o(.ARM.Collect$$libinit$$00000002)
    __rt_lib_init_fp_trap_1                  0x00000303   Thumb Code     0  libinit2.o(.ARM.Collect$$libinit$$0000001F)
    __rt_lib_init_getenv_1                   0x00000303   Thumb Code     0  libinit2.o(.ARM.Collect$$libinit$$00000023)
    __rt_lib_init_heap_1                     0x00000303   Thumb Code     0  libinit2.o(.ARM.Collect$$libinit$$0000000A)
    __rt_lib_init_lc_collate_1               0x00000303   Thumb Code     0  libinit2.o(.ARM.Collect$$libinit$$00000011)
    __rt_lib_init_lc_ctype_1                 0x00000303   Thumb Code     0  libinit2.o(.ARM.Collect$$libinit$$00000013)
    __rt_lib_init_lc_monetary_1              0x00000303   Thumb Code     0  libinit2.o(.ARM.Collect$$libinit$$00000015)
    __rt_lib_init_lc_numeric_1               0x00000303   Thumb Code     0  libinit2.o(.ARM.Collect$$libinit$$00000017)
    __rt_lib_init_lc_time_1                  0x00000303   Thumb Code     0  libinit2.o(.ARM.Collect$$libinit$$00000019)
    __rt_lib_init_preinit_1                  0x00000303   Thumb Code     0  libinit2.o(.ARM.Collect$$libinit$$00000004)
    __rt_lib_init_rand_1                     0x00000303   Thumb Code     0  libinit2.o(.ARM.Collect$$libinit$$0000000E)
    __rt_lib_init_return                     0x00000303   Thumb Code     0  libinit2.o(.ARM.Collect$$libinit$$00000033)
    __rt_lib_init_signal_1                   0x00000303   Thumb Code     0  libinit2.o(.ARM.Collect$$libinit$$0000001D)
    __rt_lib_init_stdio_1                    0x00000303   Thumb Code     0  libinit2.o(.ARM.Collect$$libinit$$00000025)
    __rt_lib_init_user_alloc_1               0x00000303   Thumb Code     0  libinit2.o(.ARM.Collect$$libinit$$0000000C)
    __rt_lib_shutdown                        0x00000305   Thumb Code     0  libshutdown.o(.ARM.Collect$$libshutdown$$00000000)
    __rt_lib_shutdown_cpp_1                  0x00000307   Thumb Code     0  libshutdown2.o(.ARM.Collect$$libshutdown$$00000002)
    __rt_lib_shutdown_fp_trap_1              0x00000307   Thumb Code     0  libshutdown2.o(.ARM.Collect$$libshutdown$$00000007)
    __rt_lib_shutdown_heap_1                 0x00000307   Thumb Code     0  libshutdown2.o(.ARM.Collect$$libshutdown$$0000000F)
    __rt_lib_shutdown_return                 0x00000307   Thumb Code     0  libshutdown2.o(.ARM.Collect$$libshutdown$$00000010)
    __rt_lib_shutdown_signal_1               0x00000307   Thumb Code     0  libshutdown2.o(.ARM.Collect$$libshutdown$$0000000A)
    __rt_lib_shutdown_stdio_1                0x00000307   Thumb Code     0  libshutdown2.o(.ARM.Collect$$libshutdown$$00000004)
    __rt_lib_shutdown_user_alloc_1           0x00000307   Thumb Code     0  libshutdown2.o(.ARM.Collect$$libshutdown$$0000000C)
    __rt_entry                               0x00000309   Thumb Code     0  __rtentry.o(.ARM.Collect$$rtentry$$00000000)
    __rt_entry_presh_1                       0x00000309   Thumb Code     0  __rtentry2.o(.ARM.Collect$$rtentry$$00000002)
    __rt_entry_sh                            0x00000309   Thumb Code     0  __rtentry4.o(.ARM.Collect$$rtentry$$00000004)
    __rt_entry_li                            0x0000030f   Thumb Code     0  __rtentry2.o(.ARM.Collect$$rtentry$$0000000A)
    __rt_entry_postsh_1                      0x0000030f   Thumb Code     0  __rtentry2.o(.ARM.Collect$$rtentry$$00000009)
    __rt_entry_main                          0x00000313   Thumb Code     0  __rtentry2.o(.ARM.Collect$$rtentry$$0000000D)
    __rt_entry_postli_1                      0x00000313   Thumb Code     0  __rtentry2.o(.ARM.Collect$$rtentry$$0000000C)
    __rt_exit                                0x0000031b   Thumb Code     0  rtexit.o(.ARM.Collect$$rtexit$$00000000)
    __rt_exit_ls                             0x0000031d   Thumb Code     0  rtexit2.o(.ARM.Collect$$rtexit$$00000003)
    __rt_exit_prels_1                        0x0000031d   Thumb Code     0  rtexit2.o(.ARM.Collect$$rtexit$$00000002)
    __rt_exit_exit                           0x00000321   Thumb Code     0  rtexit2.o(.ARM.Collect$$rtexit$$00000004)
    parrotdelay                              0x00000329   Thumb Code     6  bsp.o(.emb_text)
    SysTick_Handler                          0x00000331   Thumb Code     0  osasm.o(.text)
    StartOS                                  0x00000357   Thumb Code     0  osasm.o(.text)
    Reset_Handler                            0x00000379   Thumb Code     4  startup_tm4c123.o(.text)
    NMI_Handler                              0x0000037d   Thumb Code     2  startup_tm4c123.o(.text)
    HardFault_Handler                        0x0000037f   Thumb Code     2  startup_tm4c123.o(.text)
    MemManage_Handler                        0x00000381   Thumb Code     2  startup_tm4c123.o(.text)
    BusFault_Handler                         0x00000383   Thumb Code     2  startup_tm4c123.o(.text)
    UsageFault_Handler                       0x00000385   Thumb Code     2  startup_tm4c123.o(.text)
    SVC_Handler                              0x00000387   Thumb Code     2  startup_tm4c123.o(.text)
    DebugMon_Handler                         0x00000389   Thumb Code     2  startup_tm4c123.o(.text)
    PendSV_Handler                           0x0000038b   Thumb Code     2  startup_tm4c123.o(.text)
    GPIOPortA_Handler                        0x0000038f   Thumb Code     2  startup_tm4c123.o(.text)
    GPIOPortB_Handler                        0x00000391   Thumb Code     2  startup_tm4c123.o(.text)
    GPIOPortC_Handler                        0x00000393   Thumb Code     2  startup_tm4c123.o(.text)
    GPIOPortE_Handler                        0x00000397   Thumb Code     2  startup_tm4c123.o(.text)
    UART0_Handler                            0x00000399   Thumb Code     2  startup_tm4c123.o(.text)
    UART1_Handler                            0x0000039b   Thumb Code     2  startup_tm4c123.o(.text)
    SSI0_Handler                             0x0000039d   Thumb Code     2  startup_tm4c123.o(.text)
    I2C0_Handler                             0x0000039f   Thumb Code     2  startup_tm4c123.o(.text)
    PMW0_FAULT_Handler                       0x000003a1   Thumb Code     2  startup_tm4c123.o(.text)
    PWM0Generator0_Handler                   0x000003a3   Thumb Code     2  startup_tm4c123.o(.text)
    PWM0Generator1_Handler                   0x000003a5   Thumb Code     2  startup_tm4c123.o(.text)
    PWM0Generator2_Handler                   0x000003a7   Thumb Code     2  startup_tm4c123.o(.text)
    Quadrature0_Handler                      0x000003a9   Thumb Code     2  startup_tm4c123.o(.text)
    ADC0Seq0_Handler                         0x000003ab   Thumb Code     2  startup_tm4c123.o(.text)
    ADC0Seq1_Handler                         0x000003ad   Thumb Code     2  startup_tm4c123.o(.text)
    ADC0Seq2_Handler                         0x000003af   Thumb Code     2  startup_tm4c123.o(.text)
    ADC0Seq3_Handler                         0x000003b1   Thumb Code     2  startup_tm4c123.o(.text)
    WDT_Handler                              0x000003b3   Thumb Code     2  startup_tm4c123.o(.text)
    TIMER0A_Handler                          0x000003b5   Thumb Code     2  startup_tm4c123.o(.text)
    TIMER0B_Handler                          0x000003b7   Thumb Code     2  startup_tm4c123.o(.text)
    TIMER1A_Handler                          0x000003b9   Thumb Code     2  startup_tm4c123.o(.text)
    TIMER1B_Handler                          0x000003bb   Thumb Code     2  startup_tm4c123.o(.text)
    TIMER2A_Handler                          0x000003bd   Thumb Code     2  startup_tm4c123.o(.text)
    TIMER2B_Handler                          0x000003bf   Thumb Code     2  startup_tm4c123.o(.text)
    COMP0_Handler                            0x000003c1   Thumb Code     2  startup_tm4c123.o(.text)
    COMP1_Handler                            0x000003c3   Thumb Code     2  startup_tm4c123.o(.text)
    COMP2_Handler                            0x000003c5   Thumb Code     2  startup_tm4c123.o(.text)
    SYSCTL_Handler                           0x000003c7   Thumb Code     2  startup_tm4c123.o(.text)
    FlashCtl_Handler                         0x000003c9   Thumb Code     2  startup_tm4c123.o(.text)
    GPIOPortF_Handler                        0x000003cb   Thumb Code     2  startup_tm4c123.o(.text)
    GPIOPortG_Handler                        0x000003cd   Thumb Code     2  startup_tm4c123.o(.text)
    GPIOPortH_Handler                        0x000003cf   Thumb Code     2  startup_tm4c123.o(.text)
    UART2_Handler                            0x000003d1   Thumb Code     2  startup_tm4c123.o(.text)
    SSI1_Handler                             0x000003d3   Thumb Code     2  startup_tm4c123.o(.text)
    TIMER3A_Handler                          0x000003d5   Thumb Code     2  startup_tm4c123.o(.text)
    TIMER3B_Handler                          0x000003d7   Thumb Code     2  startup_tm4c123.o(.text)
    I2C1_Handler                             0x000003d9   Thumb Code     2  startup_tm4c123.o(.text)
    Quadrature1_Handler                      0x000003db   Thumb Code     2  startup_tm4c123.o(.text)
    CAN0_Handler                             0x000003dd   Thumb Code     2  startup_tm4c123.o(.text)
    CAN1_Handler                             0x000003df   Thumb Code     2  startup_tm4c123.o(.text)
    CAN2_Handler                             0x000003e1   Thumb Code     2  startup_tm4c123.o(.text)
    Hibernate_Handler                        0x000003e3   Thumb Code     2  startup_tm4c123.o(.text)
    USB0_Handler                             0x000003e5   Thumb Code     2  startup_tm4c123.o(.text)
    PWM0Generator3_Handler                   0x000003e7   Thumb Code     2  startup_tm4c123.o(.text)
    UDMA_Handler                             0x000003e9   Thumb Code     2  startup_tm4c123.o(.text)
    UDMAERR_Handler                          0x000003eb   Thumb Code     2  startup_tm4c123.o(.text)
    ADC1Seq0_Handler                         0x000003ed   Thumb Code     2  startup_tm4c123.o(.text)
    ADC1Seq1_Handler                         0x000003ef   Thumb Code     2  startup_tm4c123.o(.text)
    ADC1Seq2_Handler                         0x000003f1   Thumb Code     2  startup_tm4c123.o(.text)
    ADC1Seq3_Handler                         0x000003f3   Thumb Code     2  startup_tm4c123.o(.text)
    GPIOPortJ_Handler                        0x000003f5   Thumb Code     2  startup_tm4c123.o(.text)
    GPIOPortK_Handler                        0x000003f7   Thumb Code     2  startup_tm4c123.o(.text)
    GPIOPortL_Handler                        0x000003f9   Thumb Code     2  startup_tm4c123.o(.text)
    SSI2_Handler                             0x000003fb   Thumb Code     2  startup_tm4c123.o(.text)
    SSI3_Handler                             0x000003fd   Thumb Code     2  startup_tm4c123.o(.text)
    UART3_Handler                            0x000003ff   Thumb Code     2  startup_tm4c123.o(.text)
    UART4_Handler                            0x00000401   Thumb Code     2  startup_tm4c123.o(.text)
    UART5_Handler                            0x00000403   Thumb Code     2  startup_tm4c123.o(.text)
    UART6_Handler                            0x00000405   Thumb Code     2  startup_tm4c123.o(.text)
    UART7_Handler                            0x00000407   Thumb Code     2  startup_tm4c123.o(.text)
    I2C2_Handler                             0x00000409   Thumb Code     2  startup_tm4c123.o(.text)
    I2C3_Handler                             0x0000040b   Thumb Code     2  startup_tm4c123.o(.text)
    TIMER4A_Handler                          0x0000040d   Thumb Code     2  startup_tm4c123.o(.text)
    TIMER4B_Handler                          0x0000040f   Thumb Code     2  startup_tm4c123.o(.text)
    TIMER5B_Handler                          0x00000413   Thumb Code     2  startup_tm4c123.o(.text)
    WideTimer0A_Handler                      0x00000415   Thumb Code     2  startup_tm4c123.o(.text)
    WideTimer0B_Handler                      0x00000417   Thumb Code     2  startup_tm4c123.o(.text)
    WideTimer1A_Handler                      0x00000419   Thumb Code     2  startup_tm4c123.o(.text)
    WideTimer1B_Handler                      0x0000041b   Thumb Code     2  startup_tm4c123.o(.text)
    WideTimer2A_Handler                      0x0000041d   Thumb Code     2  startup_tm4c123.o(.text)
    WideTimer2B_Handler                      0x0000041f   Thumb Code     2  startup_tm4c123.o(.text)
    WideTimer3B_Handler                      0x00000423   Thumb Code     2  startup_tm4c123.o(.text)
    WideTimer4B_Handler                      0x00000427   Thumb Code     2  startup_tm4c123.o(.text)
    WideTimer5B_Handler                      0x0000042b   Thumb Code     2  startup_tm4c123.o(.text)
    FPU_Handler                              0x0000042d   Thumb Code     2  startup_tm4c123.o(.text)
    I2C4_Handler                             0x0000042f   Thumb Code     2  startup_tm4c123.o(.text)
    I2C5_Handler                             0x00000431   Thumb Code     2  startup_tm4c123.o(.text)
    GPIOPortM_Handler                        0x00000433   Thumb Code     2  startup_tm4c123.o(.text)
    GPIOPortN_Handler                        0x00000435   Thumb Code     2  startup_tm4c123.o(.text)
    QEI2_Handler                             0x00000437   Thumb Code     2  startup_tm4c123.o(.text)
    GPIOPortP0_Handler                       0x00000439   Thumb Code     2  startup_tm4c123.o(.text)
    GPIOPortP1_Handler                       0x0000043b   Thumb Code     2  startup_tm4c123.o(.text)
    GPIOPortP2_Handler                       0x0000043d   Thumb Code     2  startup_tm4c123.o(.text)
    GPIOPortP3_Handler                       0x0000043f   Thumb Code     2  startup_tm4c123.o(.text)
    GPIOPortP4_Handler                       0x00000441   Thumb Code     2  startup_tm4c123.o(.text)
    GPIOPortP5_Handler                       0x00000443   Thumb Code     2  startup_tm4c123.o(.text)
    GPIOPortP6_Handler                       0x00000445   Thumb Code     2  startup_tm4c123.o(.text)
    GPIOPortP7_Handler                       0x00000447   Thumb Code     2  startup_tm4c123.o(.text)
    GPIOPortQ0_Handler                       0x00000449   Thumb Code     2  startup_tm4c123.o(.text)
    GPIOPortQ1_Handler                       0x0000044b   Thumb Code     2  startup_tm4c123.o(.text)
    GPIOPortQ2_Handler                       0x0000044d   Thumb Code     2  startup_tm4c123.o(.text)
    GPIOPortQ3_Handler                       0x0000044f   Thumb Code     2  startup_tm4c123.o(.text)
    GPIOPortQ4_Handler                       0x00000451   Thumb Code     2  startup_tm4c123.o(.text)
    GPIOPortQ5_Handler                       0x00000453   Thumb Code     2  startup_tm4c123.o(.text)
    GPIOPortQ6_Handler                       0x00000455   Thumb Code     2  startup_tm4c123.o(.text)
    GPIOPortQ7_Handler                       0x00000457   Thumb Code     2  startup_tm4c123.o(.text)
    GPIOPortR_Handler                        0x00000459   Thumb Code     2  startup_tm4c123.o(.text)
    GPIOPortS_Handler                        0x0000045b   Thumb Code     2  startup_tm4c123.o(.text)
    PWM1Generator0_Handler                   0x0000045d   Thumb Code     2  startup_tm4c123.o(.text)
    PWM1Generator1_Handler                   0x0000045f   Thumb Code     2  startup_tm4c123.o(.text)
    PWM1Generator2_Handler                   0x00000461   Thumb Code     2  startup_tm4c123.o(.text)
    PWM1Generator3_Handler                   0x00000463   Thumb Code     2  startup_tm4c123.o(.text)
    PWM1Fault_Handler                        0x00000465   Thumb Code     2  startup_tm4c123.o(.text)
    DisableInterrupts                        0x0000046d   Thumb Code     0  startup_tm4c123.o(.text)
    EnableInterrupts                         0x00000471   Thumb Code     0  startup_tm4c123.o(.text)
    StartCritical                            0x00000475   Thumb Code     0  startup_tm4c123.o(.text)
    EndCritical                              0x0000047d   Thumb Code     0  startup_tm4c123.o(.text)
    WaitForInterrupt                         0x00000483   Thumb Code     0  startup_tm4c123.o(.text)
    __user_initial_stackheap                 0x00000487   Thumb Code     0  startup_tm4c123.o(.text)
    __use_two_region_memory                  0x0000049d   Thumb Code     2  heapauxi.o(.text)
    __rt_heap_escrow$2region                 0x0000049f   Thumb Code     2  heapauxi.o(.text)
    __rt_heap_expand$2region                 0x000004a1   Thumb Code     2  heapauxi.o(.text)
    __user_setup_stackheap                   0x000004a3   Thumb Code    74  sys_stackheap_outer.o(.text)
    exit                                     0x000004ed   Thumb Code    18  exit.o(.text)
    __user_libspace                          0x00000501   Thumb Code     8  libspace.o(.text)
    __user_perproc_libspace                  0x00000501   Thumb Code     0  libspace.o(.text)
    __user_perthread_libspace                0x00000501   Thumb Code     0  libspace.o(.text)
    _sys_exit                                0x00000509   Thumb Code     8  sys_exit.o(.text)
    __I$use$semihosting                      0x00000515   Thumb Code     0  use_no_semi.o(.text)
    __use_no_semihosting_swi                 0x00000515   Thumb Code     2  use_no_semi.o(.text)
    __semihosting_library_function           0x00000517   Thumb Code     0  indicate_semi.o(.text)
    BSP_Accelerometer_Init                   0x00000519   Thumb Code   156  bsp.o(i.BSP_Accelerometer_Init)
    BSP_Accelerometer_Input                  0x000005c9   Thumb Code    66  bsp.o(i.BSP_Accelerometer_Input)
    BSP_Button1_Init                         0x00000611   Thumb Code   112  bsp.o(i.BSP_Button1_Init)
    BSP_Button1_Input                        0x00000691   Thumb Code     8  bsp.o(i.BSP_Button1_Input)
    BSP_Button2_Init                         0x0000069d   Thumb Code   124  bsp.o(i.BSP_Button2_Init)
    BSP_Buzzer_Init                          0x0000072d   Thumb Code   184  bsp.o(i.BSP_Buzzer_Init)
    BSP_Buzzer_Set                           0x00000801   Thumb Code    24  bsp.o(i.BSP_Buzzer_Set)
    BSP_Clock_GetFreq                        0x00000821   Thumb Code     6  bsp.o(i.BSP_Clock_GetFreq)
    BSP_Clock_InitFastest                    0x0000082d   Thumb Code   126  bsp.o(i.BSP_Clock_InitFastest)
    BSP_Delay1ms                             0x000008b9   Thumb Code    22  bsp.o(i.BSP_Delay1ms)
    BSP_LCD_Color565                         0x000008cf   Thumb Code    24  bsp.o(i.BSP_LCD_Color565)
    BSP_LCD_DrawChar                         0x000008e9   Thumb Code   260  bsp.o(i.BSP_LCD_DrawChar)
    BSP_LCD_DrawFastHLine                    0x000009f9   Thumb Code   116  bsp.o(i.BSP_LCD_DrawFastHLine)
    BSP_LCD_DrawFastVLine                    0x00000a75   Thumb Code   116  bsp.o(i.BSP_LCD_DrawFastVLine)
    BSP_LCD_DrawPixel                        0x00000af1   Thumb Code    64  bsp.o(i.BSP_LCD_DrawPixel)
    BSP_LCD_DrawString                       0x00000b39   Thumb Code    86  bsp.o(i.BSP_LCD_DrawString)
    BSP_LCD_Drawaxes                         0x00000b91   Thumb Code   272  bsp.o(i.BSP_LCD_Drawaxes)
    BSP_LCD_FillRect                         0x00000cb5   Thumb Code   164  bsp.o(i.BSP_LCD_FillRect)
    BSP_LCD_FillScreen                       0x00000d61   Thumb Code    28  bsp.o(i.BSP_LCD_FillScreen)
    BSP_LCD_Init                             0x00000d85   Thumb Code    10  bsp.o(i.BSP_LCD_Init)
    BSP_LCD_OutUDec4                         0x00000d91   Thumb Code   116  bsp.o(i.BSP_LCD_OutUDec4)
    BSP_LCD_OutUFix2_1                       0x00000e19   Thumb Code    96  bsp.o(i.BSP_LCD_OutUFix2_1)
    BSP_LCD_PlotIncrement                    0x00000e89   Thumb Code    46  bsp.o(i.BSP_LCD_PlotIncrement)
    BSP_LCD_PlotPoint                        0x00000ec1   Thumb Code    86  bsp.o(i.BSP_LCD_PlotPoint)
    BSP_LCD_SetCursor                        0x00000f25   Thumb Code    22  bsp.o(i.BSP_LCD_SetCursor)
    BSP_LightSensor_End                      0x00000f45   Thumb Code    58  bsp.o(i.BSP_LightSensor_End)
    BSP_LightSensor_Init                     0x00000f89   Thumb Code    76  bsp.o(i.BSP_LightSensor_Init)
    BSP_LightSensor_Start                    0x00000fdd   Thumb Code    22  bsp.o(i.BSP_LightSensor_Start)
    BSP_Microphone_Init                      0x00000ff9   Thumb Code   152  bsp.o(i.BSP_Microphone_Init)
    BSP_Microphone_Input                     0x000010a5   Thumb Code    40  bsp.o(i.BSP_Microphone_Input)
    BSP_PeriodicTask_Init                    0x000010d1   Thumb Code   162  bsp.o(i.BSP_PeriodicTask_Init)
    BSP_PeriodicTask_InitC                   0x00001191   Thumb Code   160  bsp.o(i.BSP_PeriodicTask_InitC)
    BSP_RGB_Init                             0x0000124d   Thumb Code   522  bsp.o(i.BSP_RGB_Init)
    BSP_TempSensor_End                       0x0000148d   Thumb Code    70  bsp.o(i.BSP_TempSensor_End)
    BSP_TempSensor_Init                      0x000014d9   Thumb Code    76  bsp.o(i.BSP_TempSensor_Init)
    BSP_TempSensor_Start                     0x0000152d   Thumb Code    22  bsp.o(i.BSP_TempSensor_Start)
    BSP_Time_Get                             0x00001549   Thumb Code    10  bsp.o(i.BSP_Time_Get)
    BSP_Time_Init                            0x00001559   Thumb Code    94  bsp.o(i.BSP_Time_Init)
    GPIOPortD_Handler                        0x0000162d   Thumb Code    50  os.o(i.GPIOPortD_Handler)
    Grader                                   0x00001669   Thumb Code  1170  texas.o(i.Grader)
    LogicAnalyzer                            0x00001c85   Thumb Code    12  texas.o(i.LogicAnalyzer)
    NonrealTimeResults                       0x00001c99   Thumb Code    78  texas.o(i.NonrealTimeResults)
    OS_AddThreads                            0x00001d39   Thumb Code   302  os.o(i.OS_AddThreads)
    OS_EdgeTrigger_Init                      0x00001e75   Thumb Code   198  os.o(i.OS_EdgeTrigger_Init)
    OS_EdgeTrigger_Restart                   0x00001f59   Thumb Code    22  os.o(i.OS_EdgeTrigger_Restart)
    OS_FIFO_Get                              0x00001f75   Thumb Code    44  os.o(i.OS_FIFO_Get)
    OS_FIFO_Init                             0x00001fad   Thumb Code    30  os.o(i.OS_FIFO_Init)
    OS_FIFO_Put                              0x00001fe1   Thumb Code    70  os.o(i.OS_FIFO_Put)
    OS_Init                                  0x00002039   Thumb Code    12  os.o(i.OS_Init)
    OS_InitSemaphore                         0x00002045   Thumb Code     4  os.o(i.OS_InitSemaphore)
    OS_Launch                                0x00002049   Thumb Code    60  os.o(i.OS_Launch)
    OS_PeriodTrigger0_Init                   0x0000208d   Thumb Code    28  os.o(i.OS_PeriodTrigger0_Init)
    OS_PeriodTrigger1_Init                   0x000020b5   Thumb Code    28  os.o(i.OS_PeriodTrigger1_Init)
    OS_Signal                                0x000020dd   Thumb Code    46  os.o(i.OS_Signal)
    OS_Sleep                                 0x00002111   Thumb Code    16  os.o(i.OS_Sleep)
    OS_Suspend                               0x00002125   Thumb Code    18  os.o(i.OS_Suspend)
    OS_Wait                                  0x0000213d   Thumb Code    40  os.o(i.OS_Wait)
    PeriodicTask2_Init                       0x00002169   Thumb Code   164  texas.o(i.PeriodicTask2_Init)
    PeriodicTask2_Stop                       0x00002225   Thumb Code    14  texas.o(i.PeriodicTask2_Stop)
    Profile_Init                             0x0000223d   Thumb Code   418  profile.o(i.Profile_Init)
    RealTimeEvents                           0x00002411   Thumb Code    86  os.o(i.RealTimeEvents)
    RealTimeResults                          0x0000247d   Thumb Code   108  texas.o(i.RealTimeResults)
    RealTimeResultsNoJitter                  0x00002535   Thumb Code    96  texas.o(i.RealTimeResultsNoJitter)
    Scheduler                                0x0000265d   Thumb Code    42  os.o(i.Scheduler)
    SetInitialStack                          0x00002759   Thumb Code   328  os.o(i.SetInitialStack)
    Step1Test                                0x000028a9   Thumb Code   850  texas.o(i.Step1Test)
    Step2Test                                0x00002c45   Thumb Code   850  texas.o(i.Step2Test)
    Step3Test                                0x00002fe1   Thumb Code   738  texas.o(i.Step3Test)
    TExaS_Init                               0x00003311   Thumb Code   166  texas.o(i.TExaS_Init)
    TExaS_Stop                               0x000034c9   Thumb Code     8  texas.o(i.TExaS_Stop)
    TExaS_Task0                              0x000034d1   Thumb Code    50  texas.o(i.TExaS_Task0)
    TExaS_Task1                              0x00003511   Thumb Code    50  texas.o(i.TExaS_Task1)
    TExaS_Task2                              0x00003551   Thumb Code    50  texas.o(i.TExaS_Task2)
    TExaS_Task3                              0x00003591   Thumb Code    50  texas.o(i.TExaS_Task3)
    TExaS_Task4                              0x000035d1   Thumb Code    50  texas.o(i.TExaS_Task4)
    TExaS_Task5                              0x00003611   Thumb Code    50  texas.o(i.TExaS_Task5)
    TExaS_Task6                              0x00003651   Thumb Code    50  texas.o(i.TExaS_Task6)
    TIMER5A_Handler                          0x00003691   Thumb Code    16  texas.o(i.TIMER5A_Handler)
    Task0                                    0x000036a9   Thumb Code   134  lab4.o(i.Task0)
    Task1                                    0x00003759   Thumb Code   174  lab4.o(i.Task1)
    Task2                                    0x00003835   Thumb Code   406  lab4.o(i.Task2)
    Task3                                    0x000039f9   Thumb Code   146  lab4.o(i.Task3)
    Task4                                    0x00003a9d   Thumb Code    90  lab4.o(i.Task4)
    Task5                                    0x00003b05   Thumb Code   310  lab4.o(i.Task5)
    Task6                                    0x00003c91   Thumb Code    88  lab4.o(i.Task6)
    Task7                                    0x00003cf9   Thumb Code    24  lab4.o(i.Task7)
    UART_Init                                0x00003d15   Thumb Code   148  texas.o(i.UART_Init)
    UART_OutChar                             0x00003db9   Thumb Code    20  texas.o(i.UART_OutChar)
    UART_OutString                           0x00003dd1   Thumb Code    24  texas.o(i.UART_OutString)
    UART_OutUDec                             0x00003de9   Thumb Code    42  texas.o(i.UART_OutUDec)
    UART_OutUDec7                            0x00003e15   Thumb Code    48  texas.o(i.UART_OutUDec7)
    UART_OutUFix1                            0x00003e59   Thumb Code    46  texas.o(i.UART_OutUFix1)
    WideTimer3A_Handler                      0x00003e89   Thumb Code    16  bsp.o(i.WideTimer3A_Handler)
    WideTimer4A_Handler                      0x00003ea1   Thumb Code    16  bsp.o(i.WideTimer4A_Handler)
    WideTimer5A_Handler                      0x00003eb9   Thumb Code    16  bsp.o(i.WideTimer5A_Handler)
    drawaxes                                 0x00004179   Thumb Code   218  lab4.o(i.drawaxes)
    main                                     0x000045ad   Thumb Code   236  lab4.o(i.main)
    sqrt32                                   0x00004795   Thumb Code    30  lab4.o(i.sqrt32)
    Key                                      0x00004e14   Data           8  texas.o(.constdata)
    Scramble                                 0x00004e1c   Data          32  texas.o(.constdata)
    DeScramble                               0x00004e3c   Data          32  texas.o(.constdata)
    Region$$Table$$Base                      0x00004e5c   Number         0  anon$$obj.o(Region$$Table)
    Region$$Table$$Limit                     0x00004e7c   Number         0  anon$$obj.o(Region$$Table)
    Time                                     0x20000000   Data           4  lab4.o(.data)
    Steps                                    0x20000004   Data           4  lab4.o(.data)
    Magnitude                                0x20000008   Data           4  lab4.o(.data)
    EWMA                                     0x2000000c   Data           4  lab4.o(.data)
    SoundData                                0x20000010   Data           2  lab4.o(.data)
    SoundAvg                                 0x20000014   Data           4  lab4.o(.data)
    SoundRMS                                 0x20000018   Data           4  lab4.o(.data)
    LightData                                0x2000001c   Data           4  lab4.o(.data)
    TemperatureData                          0x20000020   Data           4  lab4.o(.data)
    NewData                                  0x20000024   Data           4  lab4.o(.data)
    LCDmutex                                 0x20000028   Data           4  lab4.o(.data)
    I2Cmutex                                 0x2000002c   Data           4  lab4.o(.data)
    ReDrawAxes                               0x20000030   Data           4  lab4.o(.data)
    PlotState                                0x20000034   Data           1  lab4.o(.data)
    TakeSoundData                            0x20000038   Data           4  lab4.o(.data)
    ADCmutex                                 0x2000003c   Data           4  lab4.o(.data)
    TakeAccelerationData                     0x20000040   Data           4  lab4.o(.data)
    LostTask1Data                            0x20000044   Data           4  lab4.o(.data)
    AccX                                     0x20000048   Data           2  lab4.o(.data)
    AccY                                     0x2000004a   Data           2  lab4.o(.data)
    AccZ                                     0x2000004c   Data           2  lab4.o(.data)
    AlgorithmState                           0x2000004e   Data           1  lab4.o(.data)
    SwitchTouch                              0x20000050   Data           4  lab4.o(.data)
    Count7                                   0x20000054   Data           4  lab4.o(.data)
    sAB                                      0x20000058   Data           4  lab4.o(.data)
    sCD                                      0x2000005c   Data           4  lab4.o(.data)
    sEF                                      0x20000060   Data           4  lab4.o(.data)
    CountA                                   0x20000064   Data           4  lab4.o(.data)
    CountB                                   0x20000068   Data           4  lab4.o(.data)
    CountC                                   0x2000006c   Data           4  lab4.o(.data)
    CountD                                   0x20000070   Data           4  lab4.o(.data)
    CountE                                   0x20000074   Data           4  lab4.o(.data)
    CountF                                   0x20000078   Data           4  lab4.o(.data)
    CountG                                   0x2000007c   Data           4  lab4.o(.data)
    CountH                                   0x20000080   Data           4  lab4.o(.data)
    sIJ                                      0x20000084   Data           4  lab4.o(.data)
    sKL                                      0x20000088   Data           4  lab4.o(.data)
    sMN                                      0x2000008c   Data           4  lab4.o(.data)
    sI                                       0x20000090   Data           4  lab4.o(.data)
    sK                                       0x20000094   Data           4  lab4.o(.data)
    CountI                                   0x20000098   Data           4  lab4.o(.data)
    CountJ                                   0x2000009c   Data           4  lab4.o(.data)
    CountK                                   0x200000a0   Data           4  lab4.o(.data)
    CountL                                   0x200000a4   Data           4  lab4.o(.data)
    CountM                                   0x200000a8   Data           4  lab4.o(.data)
    CountN                                   0x200000ac   Data           4  lab4.o(.data)
    CountO                                   0x200000b0   Data           4  lab4.o(.data)
    CountP                                   0x200000b4   Data           4  lab4.o(.data)
    sQR                                      0x200000b8   Data           4  lab4.o(.data)
    sQ                                       0x200000bc   Data           4  lab4.o(.data)
    CountQ                                   0x200000c0   Data           4  lab4.o(.data)
    CountR                                   0x200000c4   Data           4  lab4.o(.data)
    StX                                      0x200000d8   Data           4  bsp.o(.data)
    StY                                      0x200000dc   Data           4  bsp.o(.data)
    StTextColor                              0x200000e0   Data           2  bsp.o(.data)
    Messageindex                             0x200000e8   Data           4  bsp.o(.data)
    TimeIndex                                0x200000ec   Data           4  bsp.o(.data)
    Ymax                                     0x200000f0   Data           4  bsp.o(.data)
    Ymin                                     0x200000f4   Data           4  bsp.o(.data)
    Yrange                                   0x200000f8   Data           4  bsp.o(.data)
    PlotBGColor                              0x200000fc   Data           2  bsp.o(.data)
    PeriodicTask                             0x20000100   Data           4  bsp.o(.data)
    PeriodicTaskB                            0x20000104   Data           4  bsp.o(.data)
    PeriodicTaskC                            0x20000108   Data           4  bsp.o(.data)
    LightBusy                                0x2000010c   Data           4  bsp.o(.data)
    TempBusy                                 0x20000110   Data           4  bsp.o(.data)
    RunPt                                    0x20000114   Data           4  os.o(.data)
    PutI                                     0x20000118   Data           4  os.o(.data)
    GetI                                     0x2000011c   Data           4  os.o(.data)
    CurrentSize                              0x20000120   Data           4  os.o(.data)
    LostData                                 0x20000124   Data           4  os.o(.data)
    PeriodicSemaphore0                       0x20000128   Data           4  os.o(.data)
    Period0                                  0x2000012c   Data           4  os.o(.data)
    PeriodicSemaphore1                       0x20000130   Data           4  os.o(.data)
    Period1                                  0x20000134   Data           4  os.o(.data)
    edgeSemaphore                            0x20000138   Data           4  os.o(.data)
    LogicData                                0x20000140   Data           1  texas.o(.data)
    Id                                       0x20000144   Data           4  texas.o(.data)
    Index0                                   0x20000148   Data           4  texas.o(.data)
    Index1                                   0x2000014c   Data           4  texas.o(.data)
    Index2                                   0x20000150   Data           4  texas.o(.data)
    Index3                                   0x20000154   Data           4  texas.o(.data)
    Index4                                   0x20000158   Data           4  texas.o(.data)
    Index5                                   0x2000015c   Data           4  texas.o(.data)
    Index6                                   0x20000160   Data           4  texas.o(.data)
    PeriodicTask2                            0x20000164   Data           4  texas.o(.data)
    Messageindexb                            0x20000168   Data           4  texas.o(.data)
    Messageb                                 0x2000016c   Data           8  texas.o(.data)
    SoundArray                               0x20000184   Data        2000  lab4.o(.bss)
    Message                                  0x20000954   Data          12  bsp.o(.bss)
    tcbs                                     0x20000960   Data         160  os.o(.bss)
    Stacks                                   0x20000a00   Data        3200  os.o(.bss)
    Fifo                                     0x20001680   Data          40  os.o(.bss)
    MagicCode                                0x200016a8   Data          10  texas.o(.bss)
    EncriptedMagicCode                       0x200016b2   Data          10  texas.o(.bss)
    TimeBuffer0                              0x200016bc   Data         400  texas.o(.bss)
    TimeBuffer1                              0x2000184c   Data         400  texas.o(.bss)
    TimeBuffer2                              0x200019dc   Data         400  texas.o(.bss)
    TimeBuffer3                              0x20001b6c   Data         400  texas.o(.bss)
    TimeBuffer4                              0x20001cfc   Data          40  texas.o(.bss)
    TimeBuffer5                              0x20001d24   Data          40  texas.o(.bss)
    TimeBuffer6                              0x20001d4c   Data          40  texas.o(.bss)
    __libspace_start                         0x20001d74   Data          96  libspace.o(.bss)
    __temporary_stack_top$libspace           0x20001dd4   Data           0  libspace.o(.bss)



==============================================================================

Memory Map of the image

  Image Entry point : 0x00000379

  Load Region LR_1 (Base: 0x00000000, Size: 0x00005000, Max: 0xffffffff, ABSOLUTE, COMPRESSED[0x00004e90])

    Execution Region ER_RO (Exec base: 0x00000000, Load base: 0x00000000, Size: 0x00004e7c, Max: 0xffffffff, ABSOLUTE)

    Exec Addr    Load Addr    Size         Type   Attr      Idx    E Section Name        Object

    0x00000000   0x00000000   0x0000026c   Data   RO         1144    RESET               startup_tm4c123.o
    0x0000026c   0x0000026c   0x00000008   Code   RO         1216  * !!!main             c_w.l(__main.o)
    0x00000274   0x00000274   0x00000034   Code   RO         1375    !!!scatter          c_w.l(__scatter.o)
    0x000002a8   0x000002a8   0x0000003a   Code   RO         1373    !!dczerorl          c_w.l(__dczerorl.o)
    0x000002e2   0x000002e2   0x00000002   PAD
    0x000002e4   0x000002e4   0x0000001c   Code   RO         1377    !!handler_zi        c_w.l(__scatter_zi.o)
    0x00000300   0x00000300   0x00000002   Code   RO         1243    .ARM.Collect$$libinit$$00000000  c_w.l(libinit.o)
    0x00000302   0x00000302   0x00000000   Code   RO         1250    .ARM.Collect$$libinit$$00000002  c_w.l(libinit2.o)
    0x00000302   0x00000302   0x00000000   Code   RO         1252    .ARM.Collect$$libinit$$00000004  c_w.l(libinit2.o)
    0x00000302   0x00000302   0x00000000   Code   RO         1255    .ARM.Collect$$libinit$$0000000A  c_w.l(libinit2.o)
    0x00000302   0x00000302   0x00000000   Code   RO         1257    .ARM.Collect$$libinit$$0000000C  c_w.l(libinit2.o)
    0x00000302   0x00000302   0x00000000   Code   RO         1259    .ARM.Collect$$libinit$$0000000E  c_w.l(libinit2.o)
    0x00000302   0x00000302   0x00000000   Code   RO         1262    .ARM.Collect$$libinit$$00000011  c_w.l(libinit2.o)
    0x00000302   0x00000302   0x00000000   Code   RO         1264    .ARM.Collect$$libinit$$00000013  c_w.l(libinit2.o)
    0x00000302   0x00000302   0x00000000   Code   RO         1266    .ARM.Collect$$libinit$$00000015  c_w.l(libinit2.o)
    0x00000302   0x00000302   0x00000000   Code   RO         1268    .ARM.Collect$$libinit$$00000017  c_w.l(libinit2.o)
    0x00000302   0x00000302   0x00000000   Code   RO         1270    .ARM.Collect$$libinit$$00000019  c_w.l(libinit2.o)
    0x00000302   0x00000302   0x00000000   Code   RO         1272    .ARM.Collect$$libinit$$0000001B  c_w.l(libinit2.o)
    0x00000302   0x00000302   0x00000000   Code   RO         1274    .ARM.Collect$$libinit$$0000001D  c_w.l(libinit2.o)
    0x00000302   0x00000302   0x00000000   Code   RO         1276    .ARM.Collect$$libinit$$0000001F  c_w.l(libinit2.o)
    0x00000302   0x00000302   0x00000000   Code   RO         1278    .ARM.Collect$$libinit$$00000021  c_w.l(libinit2.o)
    0x00000302   0x00000302   0x00000000   Code   RO         1280    .ARM.Collect$$libinit$$00000023  c_w.l(libinit2.o)
    0x00000302   0x00000302   0x00000000   Code   RO         1282    .ARM.Collect$$libinit$$00000025  c_w.l(libinit2.o)
    0x00000302   0x00000302   0x00000000   Code   RO         1286    .ARM.Collect$$libinit$$0000002C  c_w.l(libinit2.o)
    0x00000302   0x00000302   0x00000000   Code   RO         1288    .ARM.Collect$$libinit$$0000002E  c_w.l(libinit2.o)
    0x00000302   0x00000302   0x00000000   Code   RO         1290    .ARM.Collect$$libinit$$00000030  c_w.l(libinit2.o)
    0x00000302   0x00000302   0x00000000   Code   RO         1292    .ARM.Collect$$libinit$$00000032  c_w.l(libinit2.o)
    0x00000302   0x00000302   0x00000002   Code   RO         1293    .ARM.Collect$$libinit$$00000033  c_w.l(libinit2.o)
    0x00000304   0x00000304   0x00000002   Code   RO         1313    .ARM.Collect$$libshutdown$$00000000  c_w.l(libshutdown.o)
    0x00000306   0x00000306   0x00000000   Code   RO         1326    .ARM.Collect$$libshutdown$$00000002  c_w.l(libshutdown2.o)
    0x00000306   0x00000306   0x00000000   Code   RO         1328    .ARM.Collect$$libshutdown$$00000004  c_w.l(libshutdown2.o)
    0x00000306   0x00000306   0x00000000   Code   RO         1331    .ARM.Collect$$libshutdown$$00000007  c_w.l(libshutdown2.o)
    0x00000306   0x00000306   0x00000000   Code   RO         1334    .ARM.Collect$$libshutdown$$0000000A  c_w.l(libshutdown2.o)
    0x00000306   0x00000306   0x00000000   Code   RO         1336    .ARM.Collect$$libshutdown$$0000000C  c_w.l(libshutdown2.o)
    0x00000306   0x00000306   0x00000000   Code   RO         1339    .ARM.Collect$$libshutdown$$0000000F  c_w.l(libshutdown2.o)
    0x00000306   0x00000306   0x00000002   Code   RO         1340    .ARM.Collect$$libshutdown$$00000010  c_w.l(libshutdown2.o)
    0x00000308   0x00000308   0x00000000   Code   RO         1218    .ARM.Collect$$rtentry$$00000000  c_w.l(__rtentry.o)
    0x00000308   0x00000308   0x00000000   Code   RO         1220    .ARM.Collect$$rtentry$$00000002  c_w.l(__rtentry2.o)
    0x00000308   0x00000308   0x00000006   Code   RO         1232    .ARM.Collect$$rtentry$$00000004  c_w.l(__rtentry4.o)
    0x0000030e   0x0000030e   0x00000000   Code   RO         1222    .ARM.Collect$$rtentry$$00000009  c_w.l(__rtentry2.o)
    0x0000030e   0x0000030e   0x00000004   Code   RO         1223    .ARM.Collect$$rtentry$$0000000A  c_w.l(__rtentry2.o)
    0x00000312   0x00000312   0x00000000   Code   RO         1225    .ARM.Collect$$rtentry$$0000000C  c_w.l(__rtentry2.o)
    0x00000312   0x00000312   0x00000008   Code   RO         1226    .ARM.Collect$$rtentry$$0000000D  c_w.l(__rtentry2.o)
    0x0000031a   0x0000031a   0x00000002   Code   RO         1247    .ARM.Collect$$rtexit$$00000000  c_w.l(rtexit.o)
    0x0000031c   0x0000031c   0x00000000   Code   RO         1295    .ARM.Collect$$rtexit$$00000002  c_w.l(rtexit2.o)
    0x0000031c   0x0000031c   0x00000004   Code   RO         1296    .ARM.Collect$$rtexit$$00000003  c_w.l(rtexit2.o)
    0x00000320   0x00000320   0x00000006   Code   RO         1297    .ARM.Collect$$rtexit$$00000004  c_w.l(rtexit2.o)
    0x00000326   0x00000326   0x00000002   PAD
    0x00000328   0x00000328   0x00000006   Code   RO          221    .emb_text           bsp.o
    0x0000032e   0x0000032e   0x00000002   PAD
    0x00000330   0x00000330   0x00000048   Code   RO          714    .text               osasm.o
    0x00000378   0x00000378   0x00000124   Code   RO         1145  * .text               startup_tm4c123.o
    0x0000049c   0x0000049c   0x00000006   Code   RO         1214    .text               c_w.l(heapauxi.o)
    0x000004a2   0x000004a2   0x0000004a   Code   RO         1234    .text               c_w.l(sys_stackheap_outer.o)
    0x000004ec   0x000004ec   0x00000012   Code   RO         1236    .text               c_w.l(exit.o)
    0x000004fe   0x000004fe   0x00000002   PAD
    0x00000500   0x00000500   0x00000008   Code   RO         1244    .text               c_w.l(libspace.o)
    0x00000508   0x00000508   0x0000000c   Code   RO         1305    .text               c_w.l(sys_exit.o)
    0x00000514   0x00000514   0x00000002   Code   RO         1316    .text               c_w.l(use_no_semi.o)
    0x00000516   0x00000516   0x00000000   Code   RO         1318    .text               c_w.l(indicate_semi.o)
    0x00000516   0x00000516   0x00000002   PAD
    0x00000518   0x00000518   0x000000b0   Code   RO          222    i.BSP_Accelerometer_Init  bsp.o
    0x000005c8   0x000005c8   0x00000048   Code   RO          223    i.BSP_Accelerometer_Input  bsp.o
    0x00000610   0x00000610   0x00000080   Code   RO          224    i.BSP_Button1_Init  bsp.o
    0x00000690   0x00000690   0x0000000c   Code   RO          225    i.BSP_Button1_Input  bsp.o
    0x0000069c   0x0000069c   0x00000090   Code   RO          226    i.BSP_Button2_Init  bsp.o
    0x0000072c   0x0000072c   0x000000d4   Code   RO          228    i.BSP_Buzzer_Init   bsp.o
    0x00000800   0x00000800   0x00000020   Code   RO          229    i.BSP_Buzzer_Set    bsp.o
    0x00000820   0x00000820   0x0000000c   Code   RO          230    i.BSP_Clock_GetFreq  bsp.o
    0x0000082c   0x0000082c   0x0000008c   Code   RO          231    i.BSP_Clock_InitFastest  bsp.o
    0x000008b8   0x000008b8   0x00000016   Code   RO          232    i.BSP_Delay1ms      bsp.o
    0x000008ce   0x000008ce   0x00000018   Code   RO          235    i.BSP_LCD_Color565  bsp.o
    0x000008e6   0x000008e6   0x00000002   PAD
    0x000008e8   0x000008e8   0x00000110   Code   RO          237    i.BSP_LCD_DrawChar  bsp.o
    0x000009f8   0x000009f8   0x0000007c   Code   RO          239    i.BSP_LCD_DrawFastHLine  bsp.o
    0x00000a74   0x00000a74   0x0000007c   Code   RO          240    i.BSP_LCD_DrawFastVLine  bsp.o
    0x00000af0   0x00000af0   0x00000048   Code   RO          241    i.BSP_LCD_DrawPixel  bsp.o
    0x00000b38   0x00000b38   0x00000056   Code   RO          242    i.BSP_LCD_DrawString  bsp.o
    0x00000b8e   0x00000b8e   0x00000002   PAD
    0x00000b90   0x00000b90   0x00000124   Code   RO          243    i.BSP_LCD_Drawaxes  bsp.o
    0x00000cb4   0x00000cb4   0x000000ac   Code   RO          244    i.BSP_LCD_FillRect  bsp.o
    0x00000d60   0x00000d60   0x00000024   Code   RO          245    i.BSP_LCD_FillScreen  bsp.o
    0x00000d84   0x00000d84   0x0000000a   Code   RO          246    i.BSP_LCD_Init      bsp.o
    0x00000d8e   0x00000d8e   0x00000002   PAD
    0x00000d90   0x00000d90   0x00000088   Code   RO          248    i.BSP_LCD_OutUDec4  bsp.o
    0x00000e18   0x00000e18   0x00000070   Code   RO          250    i.BSP_LCD_OutUFix2_1  bsp.o
    0x00000e88   0x00000e88   0x00000038   Code   RO          252    i.BSP_LCD_PlotIncrement  bsp.o
    0x00000ec0   0x00000ec0   0x00000064   Code   RO          253    i.BSP_LCD_PlotPoint  bsp.o
    0x00000f24   0x00000f24   0x00000020   Code   RO          254    i.BSP_LCD_SetCursor  bsp.o
    0x00000f44   0x00000f44   0x00000044   Code   RO          256    i.BSP_LightSensor_End  bsp.o
    0x00000f88   0x00000f88   0x00000054   Code   RO          257    i.BSP_LightSensor_Init  bsp.o
    0x00000fdc   0x00000fdc   0x0000001c   Code   RO          259    i.BSP_LightSensor_Start  bsp.o
    0x00000ff8   0x00000ff8   0x000000ac   Code   RO          260    i.BSP_Microphone_Init  bsp.o
    0x000010a4   0x000010a4   0x0000002c   Code   RO          261    i.BSP_Microphone_Input  bsp.o
    0x000010d0   0x000010d0   0x000000c0   Code   RO          262    i.BSP_PeriodicTask_Init  bsp.o
    0x00001190   0x00001190   0x000000bc   Code   RO          264    i.BSP_PeriodicTask_InitC  bsp.o
    0x0000124c   0x0000124c   0x00000240   Code   RO          272    i.BSP_RGB_Init      bsp.o
    0x0000148c   0x0000148c   0x0000004c   Code   RO          274    i.BSP_TempSensor_End  bsp.o
    0x000014d8   0x000014d8   0x00000054   Code   RO          275    i.BSP_TempSensor_Init  bsp.o
    0x0000152c   0x0000152c   0x0000001c   Code   RO          277    i.BSP_TempSensor_Start  bsp.o
    0x00001548   0x00001548   0x00000010   Code   RO          278    i.BSP_Time_Get      bsp.o
    0x00001558   0x00001558   0x0000006c   Code   RO          279    i.BSP_Time_Init     bsp.o
    0x000015c4   0x000015c4   0x00000068   Code   RO          867    i.Encrypt           texas.o
    0x0000162c   0x0000162c   0x0000003c   Code   RO          717    i.GPIOPortD_Handler  os.o
    0x00001668   0x00001668   0x000004ac   Code   RO          868    i.Grader            texas.o
    0x00001b14   0x00001b14   0x00000078   Code   RO          280    i.I2C_Recv2         bsp.o
    0x00001b8c   0x00001b8c   0x00000048   Code   RO          281    i.I2C_Send1         bsp.o
    0x00001bd4   0x00001bd4   0x000000b0   Code   RO          282    i.I2C_Send3         bsp.o
    0x00001c84   0x00001c84   0x00000014   Code   RO          869    i.LogicAnalyzer     texas.o
    0x00001c98   0x00001c98   0x000000a0   Code   RO          870    i.NonrealTimeResults  texas.o
    0x00001d38   0x00001d38   0x0000013c   Code   RO          718    i.OS_AddThreads     os.o
    0x00001e74   0x00001e74   0x000000e4   Code   RO          719    i.OS_EdgeTrigger_Init  os.o
    0x00001f58   0x00001f58   0x0000001c   Code   RO          720    i.OS_EdgeTrigger_Restart  os.o
    0x00001f74   0x00001f74   0x00000038   Code   RO          721    i.OS_FIFO_Get       os.o
    0x00001fac   0x00001fac   0x00000034   Code   RO          722    i.OS_FIFO_Init      os.o
    0x00001fe0   0x00001fe0   0x00000058   Code   RO          723    i.OS_FIFO_Put       os.o
    0x00002038   0x00002038   0x0000000c   Code   RO          724    i.OS_Init           os.o
    0x00002044   0x00002044   0x00000004   Code   RO          725    i.OS_InitSemaphore  os.o
    0x00002048   0x00002048   0x00000044   Code   RO          726    i.OS_Launch         os.o
    0x0000208c   0x0000208c   0x00000028   Code   RO          727    i.OS_PeriodTrigger0_Init  os.o
    0x000020b4   0x000020b4   0x00000028   Code   RO          728    i.OS_PeriodTrigger1_Init  os.o
    0x000020dc   0x000020dc   0x00000034   Code   RO          729    i.OS_Signal         os.o
    0x00002110   0x00002110   0x00000014   Code   RO          730    i.OS_Sleep          os.o
    0x00002124   0x00002124   0x00000018   Code   RO          731    i.OS_Suspend        os.o
    0x0000213c   0x0000213c   0x0000002c   Code   RO          732    i.OS_Wait           os.o
    0x00002168   0x00002168   0x000000bc   Code   RO          871    i.PeriodicTask2_Init  texas.o
    0x00002224   0x00002224   0x00000018   Code   RO          872    i.PeriodicTask2_Stop  texas.o
    0x0000223c   0x0000223c   0x000001d4   Code   RO          850    i.Profile_Init      profile.o
    0x00002410   0x00002410   0x0000006c   Code   RO          733    i.RealTimeEvents    os.o
    0x0000247c   0x0000247c   0x000000b8   Code   RO          873    i.RealTimeResults   texas.o
    0x00002534   0x00002534   0x000000b4   Code   RO          874    i.RealTimeResultsNoJitter  texas.o
    0x000025e8   0x000025e8   0x00000074   Code   RO          283    i.ST7735_InitR      bsp.o
    0x0000265c   0x0000265c   0x00000030   Code   RO          734    i.Scheduler         os.o
    0x0000268c   0x0000268c   0x000000cc   Code   RO          875    i.SetGrade          texas.o
    0x00002758   0x00002758   0x00000150   Code   RO          735    i.SetInitialStack   os.o
    0x000028a8   0x000028a8   0x0000039c   Code   RO          876    i.Step1Test         texas.o
    0x00002c44   0x00002c44   0x0000039c   Code   RO          877    i.Step2Test         texas.o
    0x00002fe0   0x00002fe0   0x00000330   Code   RO          878    i.Step3Test         texas.o
    0x00003310   0x00003310   0x000001b8   Code   RO          879    i.TExaS_Init        texas.o
    0x000034c8   0x000034c8   0x00000008   Code   RO          880    i.TExaS_Stop        texas.o
    0x000034d0   0x000034d0   0x00000040   Code   RO          881    i.TExaS_Task0       texas.o
    0x00003510   0x00003510   0x00000040   Code   RO          882    i.TExaS_Task1       texas.o
    0x00003550   0x00003550   0x00000040   Code   RO          883    i.TExaS_Task2       texas.o
    0x00003590   0x00003590   0x00000040   Code   RO          884    i.TExaS_Task3       texas.o
    0x000035d0   0x000035d0   0x00000040   Code   RO          885    i.TExaS_Task4       texas.o
    0x00003610   0x00003610   0x00000040   Code   RO          886    i.TExaS_Task5       texas.o
    0x00003650   0x00003650   0x00000040   Code   RO          887    i.TExaS_Task6       texas.o
    0x00003690   0x00003690   0x00000018   Code   RO          888    i.TIMER5A_Handler   texas.o
    0x000036a8   0x000036a8   0x000000b0   Code   RO            1    i.Task0             lab4.o
    0x00003758   0x00003758   0x000000dc   Code   RO            2    i.Task1             lab4.o
    0x00003834   0x00003834   0x000001c4   Code   RO            3    i.Task2             lab4.o
    0x000039f8   0x000039f8   0x000000a4   Code   RO            4    i.Task3             lab4.o
    0x00003a9c   0x00003a9c   0x00000068   Code   RO            5    i.Task4             lab4.o
    0x00003b04   0x00003b04   0x0000018c   Code   RO            6    i.Task5             lab4.o
    0x00003c90   0x00003c90   0x00000068   Code   RO            7    i.Task6             lab4.o
    0x00003cf8   0x00003cf8   0x0000001c   Code   RO            8    i.Task7             lab4.o
    0x00003d14   0x00003d14   0x000000a4   Code   RO          894    i.UART_Init         texas.o
    0x00003db8   0x00003db8   0x00000018   Code   RO          895    i.UART_OutChar      texas.o
    0x00003dd0   0x00003dd0   0x00000018   Code   RO          897    i.UART_OutString    texas.o
    0x00003de8   0x00003de8   0x0000002a   Code   RO          898    i.UART_OutUDec      texas.o
    0x00003e12   0x00003e12   0x00000002   PAD
    0x00003e14   0x00003e14   0x00000044   Code   RO          902    i.UART_OutUDec7     texas.o
    0x00003e58   0x00003e58   0x0000002e   Code   RO          903    i.UART_OutUFix1     texas.o
    0x00003e86   0x00003e86   0x00000002   PAD
    0x00003e88   0x00003e88   0x00000018   Code   RO          284    i.WideTimer3A_Handler  bsp.o
    0x00003ea0   0x00003ea0   0x00000018   Code   RO          285    i.WideTimer4A_Handler  bsp.o
    0x00003eb8   0x00003eb8   0x00000018   Code   RO          286    i.WideTimer5A_Handler  bsp.o
    0x00003ed0   0x00003ed0   0x0000004c   Code   RO          287    i.adcinit           bsp.o
    0x00003f1c   0x00003f1c   0x00000056   Code   RO          288    i.commandList       bsp.o
    0x00003f72   0x00003f72   0x00000002   PAD
    0x00003f74   0x00003f74   0x00000204   Code   RO          289    i.commonInit        bsp.o
    0x00004178   0x00004178   0x00000114   Code   RO           27    i.drawaxes          lab4.o
    0x0000428c   0x0000428c   0x00000048   Code   RO          290    i.fillmessage       bsp.o
    0x000042d4   0x000042d4   0x00000060   Code   RO          291    i.fillmessage2_1    bsp.o
    0x00004334   0x00004334   0x00000064   Code   RO          293    i.fillmessage4      bsp.o
    0x00004398   0x00004398   0x000000c4   Code   RO          908    i.fillmessage7b     texas.o
    0x0000445c   0x0000445c   0x00000048   Code   RO          909    i.fillmessageb      texas.o
    0x000044a4   0x000044a4   0x00000094   Code   RO          295    i.i2cinit           bsp.o
    0x00004538   0x00004538   0x00000050   Code   RO          296    i.lightsensorend    bsp.o
    0x00004588   0x00004588   0x00000024   Code   RO          297    i.lightsensorstart  bsp.o
    0x000045ac   0x000045ac   0x00000128   Code   RO           28    i.main              lab4.o
    0x000046d4   0x000046d4   0x00000012   Code   RO          298    i.pushColor         bsp.o
    0x000046e6   0x000046e6   0x00000002   PAD
    0x000046e8   0x000046e8   0x00000038   Code   RO          736    i.runperiodicevents  os.o
    0x00004720   0x00004720   0x00000074   Code   RO          299    i.setAddrWindow     bsp.o
    0x00004794   0x00004794   0x0000001e   Code   RO           32    i.sqrt32            lab4.o
    0x000047b2   0x000047b2   0x00000044   Code   RO          300    i.tempsensorend     bsp.o
    0x000047f6   0x000047f6   0x00000012   Code   RO          301    i.tempsensorstart   bsp.o
    0x00004808   0x00004808   0x00000048   Code   RO          302    i.writecommand      bsp.o
    0x00004850   0x00004850   0x00000048   Code   RO          303    i.writedata         bsp.o
    0x00004898   0x00004898   0x0000057b   Data   RO          305    .constdata          bsp.o
    0x00004e13   0x00004e13   0x00000001   PAD
    0x00004e14   0x00004e14   0x00000048   Data   RO          911    .constdata          texas.o
    0x00004e5c   0x00004e5c   0x00000020   Data   RO         1371    Region$$Table       anon$$obj.o


    Execution Region ER_RW (Exec base: 0x20000000, Load base: 0x00004e7c, Size: 0x00000184, Max: 0xffffffff, ABSOLUTE, COMPRESSED[0x00000014])

    Exec Addr    Load Addr    Size         Type   Attr      Idx    E Section Name        Object

    0x20000000   COMPRESSED   0x000000d0   Data   RW           34    .data               lab4.o
    0x200000d0   COMPRESSED   0x00000044   Data   RW          306    .data               bsp.o
    0x20000114   COMPRESSED   0x0000002c   Data   RW          738    .data               os.o
    0x20000140   COMPRESSED   0x00000044   Data   RW          912    .data               texas.o


    Execution Region ER_ZI (Exec base: 0x20000184, Load base: 0x00004e90, Size: 0x00001e54, Max: 0xffffffff, ABSOLUTE)

    Exec Addr    Load Addr    Size         Type   Attr      Idx    E Section Name        Object

    0x20000184        -       0x000007d0   Zero   RW           33    .bss                lab4.o
    0x20000954        -       0x0000000c   Zero   RW          304    .bss                bsp.o
    0x20000960        -       0x00000d48   Zero   RW          737    .bss                os.o
    0x200016a8        -       0x000006cc   Zero   RW          910    .bss                texas.o
    0x20001d74        -       0x00000060   Zero   RW         1245    .bss                c_w.l(libspace.o)
    0x20001dd4   0x00004e90   0x00000004   PAD
    0x20001dd8        -       0x00000000   Zero   RW         1143    HEAP                startup_tm4c123.o
    0x20001dd8        -       0x00000200   Zero   RW         1142    STACK               startup_tm4c123.o


==============================================================================

Image component sizes


      Code (inc. data)   RO Data    RW Data    ZI Data      Debug   Object Name

      6398        688       1403         68         12      35947   bsp.o
      2246        390          0        208       2000      13005   lab4.o
      1680        206          0         44       3400      11298   os.o
        72          4          0          0          0        236   osasm.o
       468         50          0          0          0        531   profile.o
       292         18        620          0        512       5668   startup_tm4c123.o
      6480       1120         72         68       1740      24851   texas.o

    ----------------------------------------------------------------------
     17652       2476       2128        388       7664      91536   Object Totals
         0          0         32          0          0          0   (incl. Generated)
        16          0          1          0          0          0   (incl. Padding)

    ----------------------------------------------------------------------

      Code (inc. data)   RO Data    RW Data    ZI Data      Debug   Library Member Name

        58          0          0          0          0          0   __dczerorl.o
         8          0          0          0          0         68   __main.o
         0          0          0          0          0          0   __rtentry.o
        12          0          0          0          0          0   __rtentry2.o
         6          0          0          0          0          0   __rtentry4.o
        52          8          0          0          0          0   __scatter.o
        28          0          0          0          0          0   __scatter_zi.o
        18          0          0          0          0         80   exit.o
         6          0          0          0          0        152   heapauxi.o
         0          0          0          0          0          0   indicate_semi.o
         2          0          0          0          0          0   libinit.o
         2          0          0          0          0          0   libinit2.o
         2          0          0          0          0          0   libshutdown.o
         2          0          0          0          0          0   libshutdown2.o
         8          4          0          0         96         68   libspace.o
         2          0          0          0          0          0   rtexit.o
        10          0          0          0          0          0   rtexit2.o
        12          4          0          0          0         68   sys_exit.o
        74          0          0          0          0         80   sys_stackheap_outer.o
         2          0          0          0          0         68   use_no_semi.o

    ----------------------------------------------------------------------
       312         16          0          0        100        584   Library Totals
         8          0          0          0          4          0   (incl. Padding)

    ----------------------------------------------------------------------

      Code (inc. data)   RO Data    RW Data    ZI Data      Debug   Library Name

       304         16          0          0         96        584   c_w.l

    ----------------------------------------------------------------------
       312         16          0          0        100        584   Library Totals

    ----------------------------------------------------------------------

==============================================================================


      Code (inc. data)   RO Data    RW Data    ZI Data      Debug   

     17964       2492       2128        388       7764      85772   Grand Totals
     17964       2492       2128         20       7764      85772   ELF Image Totals (compressed)
     17964       2492       2128         20          0          0   ROM Totals

==============================================================================

    Total RO  Size (Code + RO Data)                20092 (  19.62kB)
    Total RW  Size (RW Data + ZI Data)              8152 (   7.96kB)
    Total ROM Size (Code + RO Data + RW Data)      20112 (  19.64kB)

==============================================================================

